Archive member included to satisfy reference by file (symbol)

C:/devkitPro/libctru/lib\libcitro2d.a(base.o)
                              main.o (C2D_Init)
C:/devkitPro/libctru/lib\libcitro2d.a(spritesheet.o)
                              main.o (C2D_SpriteSheetLoad)
C:/devkitPro/libctru/lib\libcitro2d.a(render2d.shbin.o)
                              C:/devkitPro/libctru/lib\libcitro2d.a(base.o) (render2d_shbin)
C:/devkitPro/libctru/lib\libcitro3d.a(base.o)
                              main.o (C3D_Init)
C:/devkitPro/libctru/lib\libcitro3d.a(renderqueue.o)
                              C:/devkitPro/libctru/lib\libcitro3d.a(base.o) (C3Di_RenderQueueEnableVBlank)
C:/devkitPro/libctru/lib\libcitro3d.a(texture.o)
                              C:/devkitPro/libctru/lib\libcitro2d.a(base.o) (C3D_TexBind)
C:/devkitPro/libctru/lib\libcitro3d.a(tex3ds.o)
                              C:/devkitPro/libctru/lib\libcitro2d.a(spritesheet.o) (Tex3DS_TextureImport)
C:/devkitPro/libctru/lib\libcitro3d.a(framebuffer.o)
                              C:/devkitPro/libctru/lib\libcitro3d.a(renderqueue.o) (C3D_CalcColorBufSize)
C:/devkitPro/libctru/lib\libcitro3d.a(texenv.o)
                              C:/devkitPro/libctru/lib\libcitro2d.a(base.o) (C3D_GetTexEnv)
C:/devkitPro/libctru/lib\libcitro3d.a(proctex.o)
                              C:/devkitPro/libctru/lib\libcitro2d.a(base.o) (C3D_ProcTexInit)
C:/devkitPro/libctru/lib\libcitro3d.a(buffers.o)
                              C:/devkitPro/libctru/lib\libcitro2d.a(base.o) (BufInfo_Init)
C:/devkitPro/libctru/lib\libcitro3d.a(drawArrays.o)
                              C:/devkitPro/libctru/lib\libcitro2d.a(base.o) (C3D_DrawArrays)
C:/devkitPro/libctru/lib\libcitro3d.a(effect.o)
                              C:/devkitPro/libctru/lib\libcitro3d.a(base.o) (C3D_DepthMap)
C:/devkitPro/libctru/lib\libcitro3d.a(attribs.o)
                              C:/devkitPro/libctru/lib\libcitro2d.a(base.o) (AttrInfo_Init)
C:/devkitPro/libctru/lib\libcitro3d.a(immediate.o)
                              C:/devkitPro/libctru/lib\libcitro3d.a(base.o) (C3D_ImmSendAttrib)
C:/devkitPro/libctru/lib\libcitro3d.a(uniforms.o)
                              C:/devkitPro/libctru/lib\libcitro3d.a(base.o) (C3D_UpdateUniforms)
C:/devkitPro/libctru/lib\libcitro3d.a(mtx_ortho.o)
                              C:/devkitPro/libctru/lib\libcitro2d.a(base.o) (Mtx_Ortho)
C:/devkitPro/libctru/lib\libcitro3d.a(mtx_scale.o)
                              C:/devkitPro/libctru/lib\libcitro2d.a(base.o) (Mtx_Scale)
C:/devkitPro/libctru/lib\libcitro3d.a(mtx_multiply.o)
                              C:/devkitPro/libctru/lib\libcitro2d.a(base.o) (Mtx_Multiply)
C:/devkitPro/libctru/lib\libcitro3d.a(mtx_orthotilt.o)
                              C:/devkitPro/libctru/lib\libcitro2d.a(base.o) (Mtx_OrthoTilt)
C:/devkitPro/libctru/lib\libcitro3d.a(mtx_translate.o)
                              C:/devkitPro/libctru/lib\libcitro2d.a(base.o) (Mtx_Translate)
C:/devkitPro/libctru/lib\libcitro3d.a(mtx_rotatez.o)
                              C:/devkitPro/libctru/lib\libcitro2d.a(base.o) (Mtx_RotateZ)
C:/devkitPro/libctru/lib\libctru.a(vram.o)
                              C:/devkitPro/libctru/lib\libcitro3d.a(renderqueue.o) (vramAlloc)
C:/devkitPro/libctru/lib\libctru.a(linear.o)
                              C:/devkitPro/libctru/lib\libcitro2d.a(base.o) (linearAlloc)
C:/devkitPro/libctru/lib\libctru.a(mem_pool.o)
                              C:/devkitPro/libctru/lib\libctru.a(vram.o) (MemPool::Allocate(MemChunk&, unsigned long, int))
C:/devkitPro/libctru/lib\libctru.a(romfs_dev.o)
                              main.o (romfsMountSelf)
C:/devkitPro/libctru/lib\libctru.a(os.o)
                              C:/devkitPro/libctru/lib\libcitro3d.a(texture.o) (osConvertVirtToPhys)
C:/devkitPro/libctru/lib\libctru.a(console.o)
                              main.o (consoleInit)
C:/devkitPro/libctru/lib\libctru.a(path_buf.o)
                              C:/devkitPro/libctru/lib\libctru.a(romfs_dev.o) (__ctru_dev_utf16_buf)
C:/devkitPro/libctru/lib\libctru.a(gfx.o)
                              C:/devkitPro/libctru/lib\libcitro2d.a(base.o) (gfxIsWide)
C:/devkitPro/libctru/lib\libctru.a(shaderProgram.o)
                              C:/devkitPro/libctru/lib\libcitro2d.a(base.o) (shaderInstanceGetUniformLocation)
C:/devkitPro/libctru/lib\libctru.a(shbin.o)
                              C:/devkitPro/libctru/lib\libcitro2d.a(base.o) (DVLB_ParseFile)
C:/devkitPro/libctru/lib\libctru.a(gx.o)
                              C:/devkitPro/libctru/lib\libcitro3d.a(renderqueue.o) (GX_BindQueue)
C:/devkitPro/libctru/lib\libctru.a(gxqueue.o)
                              C:/devkitPro/libctru/lib\libcitro3d.a(renderqueue.o) (gxCmdQueueClear)
C:/devkitPro/libctru/lib\libctru.a(gpu.o)
                              C:/devkitPro/libctru/lib\libcitro3d.a(base.o) (GPUCMD_Add)
C:/devkitPro/libctru/lib\libctru.a(gspgpu.o)
[...]
Memory Configuration

Name             Origin             Length             Attributes
*default*        0x0000000000000000 0xffffffffffffffff

Linker script and memory map

                0x0000000000100000                PROVIDE (__start__ = 0x100000)
                0x0000000000100000                . = __start__

.text           0x0000000000100000    0x2b6c4
 *(.crt0)
 .crt0          0x0000000000100000       0x94 c:/devkitpro/devkitarm/bin/../lib/gcc/arm-none-eabi/10.2.0/../../../../arm-none-eabi/lib/armv6k/fpu/3dsx_crt0.o
                0x0000000000100000                _start
                0x0000000000100008                __service_ptr
                0x000000000010000c                __apt_appid
                0x0000000000100010                __heap_size
                0x0000000000100014                __linear_heap_size
                0x0000000000100018                __system_arglist
                0x000000000010001c                __system_runflags
 *(.init)
 .init          0x0000000000100094        0xc c:/devkitpro/devkitarm/bin/../lib/gcc/arm-none-eabi/10.2.0/armv6k/fpu/crti.o
                0x0000000000100094                _init
 .init          0x00000000001000a0        0xc c:/devkitpro/devkitarm/bin/../lib/gcc/arm-none-eabi/10.2.0/armv6k/fpu/crtn.o
                0x00000000001000ac                . = ALIGN (0x4)
 *(.text)
 .text          0x00000000001000ac      0x20c c:/devkitpro/devkitarm/bin/../lib/gcc/arm-none-eabi/10.2.0/armv6k/fpu\libgcc.a(_udivsi3.o)
                0x00000000001000ac                __aeabi_uidiv
                0x00000000001000ac                __udivsi3
                0x0000000000100298                __aeabi_uidivmod
 .text          0x00000000001002b8      0x240 c:/devkitpro/devkitarm/bin/../lib/gcc/arm-none-eabi/10.2.0/armv6k/fpu\libgcc.a(_divsi3.o)
                0x00000000001002b8                __divsi3
                0x00000000001002b8                __aeabi_idiv
                0x00000000001004d8                __aeabi_idivmod
 .text          0x00000000001004f8        0x4 c:/devkitpro/devkitarm/bin/../lib/gcc/arm-none-eabi/10.2.0/armv6k/fpu\libgcc.a(_dvmd_tls.o)
                0x00000000001004f8                __aeabi_idiv0
                0x00000000001004f8                __aeabi_ldiv0
 .text          0x00000000001004fc      0x3c0 c:/devkitpro/devkitarm/bin/../lib/gcc/arm-none-eabi/10.2.0/armv6k/fpu\libgcc.a(_arm_addsubdf3.o)
                0x00000000001004fc                __aeabi_drsub
                0x0000000000100504                __aeabi_dsub
                0x0000000000100504                __subdf3
                0x0000000000100508                __aeabi_dadd
                0x0000000000100508                __adddf3
                0x00000000001007b4                __floatunsidf
                0x00000000001007b4                __aeabi_ui2d
                0x00000000001007d8                __floatsidf
                0x00000000001007d8                __aeabi_i2d
                0x0000000000100800                __aeabi_f2d
                0x0000000000100800                __extendsfdf2
                0x0000000000100848                __floatundidf
                0x0000000000100848                __aeabi_ul2d
                0x000000000010085c                __floatdidf
                0x000000000010085c                __aeabi_l2d
 .text          0x00000000001008bc       0xd4 c:/devkitpro/devkitarm/bin/../lib/gcc/arm-none-eabi/10.2.0/armv6k/fpu\libgcc.a(_aeabi_ldivmod.o)
                0x00000000001008bc                __aeabi_ldivmod
 .text          0x0000000000100990       0x3c c:/devkitpro/devkitarm/bin/../lib/gcc/arm-none-eabi/10.2.0/armv6k/fpu\libgcc.a(_aeabi_uldivmod.o)
                0x0000000000100990                __aeabi_uldivmod
 *fill*         0x00000000001009cc       0x14 
 .text          0x00000000001009e0      0x390 c:/devkitpro/devkitarm/bin/../lib/gcc/arm-none-eabi/10.2.0/../../../../arm-none-eabi/lib/armv6k/fpu\libg.a(lib_a-strcmp.o)
                0x00000000001009e8                strcmp
 *(.text.*)
 .text.__do_global_dtors_aux
                0x0000000000100d70       0x40 c:/devkitpro/devkitarm/bin/../lib/gcc/arm-none-eabi/10.2.0/armv6k/fpu/crtbegin.o
 .text.frame_dummy
                0x0000000000100db0       0x2c c:/devkitpro/devkitarm/bin/../lib/gcc/arm-none-eabi/10.2.0/armv6k/fpu/crtbegin.o
 *fill*         0x0000000000100ddc        0x4 
 .text.startup.main
                0x0000000000100de0      0x614 main.o
                0x0000000000100de0                main
 .text.C2Di_FrameEndHook
                0x00000000001013f4       0x34 C:/devkitPro/libctru/lib\libcitro2d.a(base.o)
 .text.C2D_Init
                0x0000000000101428      0x330 C:/devkitPro/libctru/lib\libcitro2d.a(base.o)
                0x0000000000101428                C2D_Init
 .text.C2D_Fini
                0x0000000000101758       0x44 C:/devkitPro/libctru/lib\libcitro2d.a(base.o)
                0x0000000000101758                C2D_Fini
 .text.C2D_Prepare
                0x000000000010179c       0xd0 C:/devkitPro/libctru/lib\libcitro2d.a(base.o)
                0x000000000010179c                C2D_Prepare
 .text.C2D_Flush
                0x000000000010186c       0x3c C:/devkitPro/libctru/lib\libcitro2d.a(base.o)
                0x000000000010186c                C2D_Flush
 .text.C2D_SceneSize
                0x00000000001018a8      0x108 C:/devkitPro/libctru/lib\libcitro2d.a(base.o)
                0x00000000001018a8                C2D_SceneSize
 .text.C2D_CreateScreenTarget
                0x00000000001019b0       0x58 C:/devkitPro/libctru/lib\libcitro2d.a(base.o)
                0x00000000001019b0                C2D_CreateScreenTarget
 .text.C2D_TargetClear
                0x0000000000101a08       0x58 C:/devkitPro/libctru/lib\libcitro2d.a(base.o)
                0x0000000000101a08                C2D_TargetClear
 .text.C2Di_CalcQuad
                0x0000000000101a60      0x13c C:/devkitPro/libctru/lib\libcitro2d.a(base.o)
                0x0000000000101a60                C2Di_CalcQuad
 .text.C2Di_Update
                0x0000000000101b9c      0x22c C:/devkitPro/libctru/lib\libcitro2d.a(base.o)
                0x0000000000101b9c                C2Di_Update
 .text.C2D_DrawImage
                0x0000000000101dc8      0x2f8 C:/devkitPro/libctru/lib\libcitro2d.a(base.o)
                0x0000000000101dc8                C2D_DrawImage
 .text.C2D_SpriteSheetLoadFromHandle
                0x00000000001020c0       0x6c C:/devkitPro/libctru/lib\libcitro2d.a(spritesheet.o)
                0x00000000001020c0                C2D_SpriteSheetLoadFromHandle
 .text.C2D_SpriteSheetLoad
                0x000000000010212c       0x48 C:/devkitPro/libctru/lib\libcitro2d.a(spritesheet.o)
                0x000000000010212c                C2D_SpriteSheetLoad
 .text.C2D_SpriteSheetFree
                0x0000000000102174       0x28 C:/devkitPro/libctru/lib\libcitro2d.a(spritesheet.o)
                0x0000000000102174                C2D_SpriteSheetFree
 .text.C2D_SpriteSheetGetImage
                0x000000000010219c       0x2c C:/devkitPro/libctru/lib\libcitro2d.a(spritesheet.o)
                0x000000000010219c                C2D_SpriteSheetGetImage
 .text.C3Di_LightEnvUpdate
                0x00000000001021c8        0x4 C:/devkitPro/libctru/lib\libcitro3d.a(base.o)
                0x00000000001021c8                C3Di_LightEnvUpdate
 .text.C3Di_LightEnvDirty
                0x00000000001021cc        0x4 C:/devkitPro/libctru/lib\libcitro3d.a(base.o)
                0x00000000001021cc                C3Di_LightEnvDirty
 .text.C3Di_AptEventHook
                0x00000000001021d0       0xb4 C:/devkitPro/libctru/lib\libcitro3d.a(base.o)
 .text.C3Di_GasUpdate
                0x0000000000102284        0x4 C:/devkitPro/libctru/lib\libcitro3d.a(base.o)
                0x0000000000102284                C3Di_GasUpdate
 .text.C3D_Init
                0x0000000000102288      0x1e0 C:/devkitPro/libctru/lib\libcitro3d.a(base.o)
                0x0000000000102288                C3D_Init
 .text.C3D_SetViewport
                0x0000000000102468       0x98 C:/devkitPro/libctru/lib\libcitro3d.a(base.o)
                0x0000000000102468                C3D_SetViewport
 .text.C3Di_UpdateContext
                0x0000000000102500      0x4ec C:/devkitPro/libctru/lib\libcitro3d.a(base.o)
                0x0000000000102500                C3Di_UpdateContext
 .text.C3Di_SplitFrame
                0x00000000001029ec       0xe0 C:/devkitPro/libctru/lib\libcitro3d.a(base.o)
                0x00000000001029ec                C3Di_SplitFrame
 .text.C3D_GetCmdBufUsage
                0x0000000000102acc       0x10 C:/devkitPro/libctru/lib\libcitro3d.a(base.o)
                0x0000000000102acc                C3D_GetCmdBufUsage
 .text.C3D_Fini
                0x0000000000102adc       0x44 C:/devkitPro/libctru/lib\libcitro3d.a(base.o)
                0x0000000000102adc                C3D_Fini
 .text.C3D_BindProgram
                0x0000000000102b20      0x108 C:/devkitPro/libctru/lib\libcitro3d.a(base.o)
                0x0000000000102b20                C3D_BindProgram
 .text.onVBlank0
                0x0000000000102c28       0x4c C:/devkitPro/libctru/lib\libcitro3d.a(renderqueue.o)
 .text.onVBlank1
                0x0000000000102c74       0x4c C:/devkitPro/libctru/lib\libcitro3d.a(renderqueue.o)
 .text.C3Di_RenderTargetDestroy
                0x0000000000102cc0       0x80 C:/devkitPro/libctru/lib\libcitro3d.a(renderqueue.o)
 .text.onQueueFinish
                0x0000000000102d40       0xf4 C:/devkitPro/libctru/lib\libcitro3d.a(renderqueue.o)
 .text.C3Di_RenderQueueEnableVBlank
                0x0000000000102e34       0x38 C:/devkitPro/libctru/lib\libcitro3d.a(renderqueue.o)
                0x0000000000102e34                C3Di_RenderQueueEnableVBlank
 .text.C3Di_RenderQueueDisableVBlank
                0x0000000000102e6c       0x30 C:/devkitPro/libctru/lib\libcitro3d.a(renderqueue.o)
                0x0000000000102e6c                C3Di_RenderQueueDisableVBlank
 .text.C3Di_RenderQueueInit
                0x0000000000102e9c       0x60 C:/devkitPro/libctru/lib\libcitro3d.a(renderqueue.o)
                0x0000000000102e9c                C3Di_RenderQueueInit
 .text.C3Di_RenderQueueExit
                0x0000000000102efc       0xb0 C:/devkitPro/libctru/lib\libcitro3d.a(renderqueue.o)
                0x0000000000102efc                C3Di_RenderQueueExit
 .text.C3Di_RenderQueueWaitDone
                0x0000000000102fac       0x34 C:/devkitPro/libctru/lib\libcitro3d.a(renderqueue.o)
                0x0000000000102fac                C3Di_RenderQueueWaitDone
 .text.C3D_FrameBegin
                0x0000000000102fe0       0xe4 C:/devkitPro/libctru/lib\libcitro3d.a(renderqueue.o)
                0x0000000000102fe0                C3D_FrameBegin
 .text.C3D_FrameDrawOn
                0x00000000001030c4       0x48 C:/devkitPro/libctru/lib\libcitro3d.a(renderqueue.o)
                0x00000000001030c4                C3D_FrameDrawOn
 .text.C3D_FrameSplit
                0x000000000010310c       0x58 C:/devkitPro/libctru/lib\libcitro3d.a(renderqueue.o)
                0x000000000010310c                C3D_FrameSplit
 .text.C3D_FrameEnd
                0x0000000000103164      0x1d8 C:/devkitPro/libctru/lib\libcitro3d.a(renderqueue.o)
                0x0000000000103164                C3D_FrameEnd
 .text.C3D_FrameEndHook
                0x000000000010333c       0x1c C:/devkitPro/libctru/lib\libcitro3d.a(renderqueue.o)
                0x000000000010333c                C3D_FrameEndHook
 .text.C3D_GetDrawingTime
                0x0000000000103358       0x18 C:/devkitPro/libctru/lib\libcitro3d.a(renderqueue.o)
                0x0000000000103358                C3D_GetDrawingTime
 .text.C3D_GetProcessingTime
                0x0000000000103370       0x18 C:/devkitPro/libctru/lib\libcitro3d.a(renderqueue.o)
                0x0000000000103370                C3D_GetProcessingTime
 .text.C3D_RenderTargetCreate
                0x0000000000103388      0x128 C:/devkitPro/libctru/lib\libcitro3d.a(renderqueue.o)
                0x0000000000103388                C3D_RenderTargetCreate
 .text.C3D_RenderTargetSetOutput
                0x00000000001034b0       0xa8 C:/devkitPro/libctru/lib\libcitro3d.a(renderqueue.o)
                0x00000000001034b0                C3D_RenderTargetSetOutput
 .text.C3D_SyncTextureCopy
                0x0000000000103558       0xfc C:/devkitPro/libctru/lib\libcitro3d.a(renderqueue.o)
                0x0000000000103558                C3D_SyncTextureCopy
 .text.C3D_TexInitWithParams
                0x0000000000103654      0x2a0 C:/devkitPro/libctru/lib\libcitro3d.a(texture.o)
                0x0000000000103654                C3D_TexInitWithParams
 .text.C3D_TexLoadImage
                0x00000000001038f4       0xc8 C:/devkitPro/libctru/lib\libcitro3d.a(texture.o)
                0x00000000001038f4                C3D_TexLoadImage
 .text.C3D_TexBind
                0x00000000001039bc       0x44 C:/devkitPro/libctru/lib\libcitro3d.a(texture.o)
                0x00000000001039bc                C3D_TexBind
 .text.C3D_TexDelete
                0x0000000000103a00       0x74 C:/devkitPro/libctru/lib\libcitro3d.a(texture.o)
                0x0000000000103a00                C3D_TexDelete
 .text.C3Di_SetTex
                0x0000000000103a74      0x16c C:/devkitPro/libctru/lib\libcitro3d.a(texture.o)
                0x0000000000103a74                C3Di_SetTex
 .text.Tex3DSi_ImportCommon
                0x0000000000103be0      0x3f4 C:/devkitPro/libctru/lib\libcitro3d.a(tex3ds.o)
 .text.Tex3DS_TextureImportStdio
                0x0000000000103fd4       0x38 C:/devkitPro/libctru/lib\libcitro3d.a(tex3ds.o)
                0x0000000000103fd4                Tex3DS_TextureImportStdio
 .text.Tex3DS_GetSubTexture
                0x000000000010400c       0x1c C:/devkitPro/libctru/lib\libcitro3d.a(tex3ds.o)
                0x000000000010400c                Tex3DS_GetSubTexture
 .text.Tex3DS_TextureFree
                0x0000000000104028        0x4 C:/devkitPro/libctru/lib\libcitro3d.a(tex3ds.o)
                0x0000000000104028                Tex3DS_TextureFree
 .text.C3D_CalcColorBufSize
                0x000000000010402c       0x1c C:/devkitPro/libctru/lib\libcitro3d.a(framebuffer.o)
                0x000000000010402c                C3D_CalcColorBufSize
 .text.C3D_CalcDepthBufSize
                0x0000000000104048       0x1c C:/devkitPro/libctru/lib\libcitro3d.a(framebuffer.o)
                0x0000000000104048                C3D_CalcDepthBufSize
 .text.C3D_SetFrameBuf
                0x0000000000104064       0x44 C:/devkitPro/libctru/lib\libcitro3d.a(framebuffer.o)
                0x0000000000104064                C3D_SetFrameBuf
 .text.C3Di_FrameBufBind
                0x00000000001040a8      0x16c C:/devkitPro/libctru/lib\libcitro3d.a(framebuffer.o)
                0x00000000001040a8                C3Di_FrameBufBind
 .text.C3D_FrameBufClear
                0x0000000000104214       0xcc C:/devkitPro/libctru/lib\libcitro3d.a(framebuffer.o)
                0x0000000000104214                C3D_FrameBufClear
 .text.C3D_FrameBufTransfer
                0x00000000001042e0       0x44 C:/devkitPro/libctru/lib\libcitro3d.a(framebuffer.o)
                0x00000000001042e0                C3D_FrameBufTransfer
 .text.C3D_GetTexEnv
                0x0000000000104324       0x34 C:/devkitPro/libctru/lib\libcitro3d.a(texenv.o)
                0x0000000000104324                C3D_GetTexEnv
 .text.C3Di_TexEnvBind
                0x0000000000104358       0x24 C:/devkitPro/libctru/lib\libcitro3d.a(texenv.o)
                0x0000000000104358                C3Di_TexEnvBind
 .text.C3D_ProcTexInit
                0x000000000010437c       0x70 C:/devkitPro/libctru/lib\libcitro3d.a(proctex.o)
                0x000000000010437c                C3D_ProcTexInit
 .text.C3D_ProcTexBind
                0x00000000001043ec       0x54 C:/devkitPro/libctru/lib\libcitro3d.a(proctex.o)
                0x00000000001043ec                C3D_ProcTexBind
 .text.C3D_ProcTexLutBind
                0x0000000000104440       0x5c C:/devkitPro/libctru/lib\libcitro3d.a(proctex.o)
                0x0000000000104440                C3D_ProcTexLutBind
 .text.ProcTexLut_FromArray
                0x000000000010449c       0xa4 C:/devkitPro/libctru/lib\libcitro3d.a(proctex.o)
                0x000000000010449c                ProcTexLut_FromArray
 .text.C3Di_ProcTexUpdate
                0x0000000000104540      0x17c C:/devkitPro/libctru/lib\libcitro3d.a(proctex.o)
                0x0000000000104540                C3Di_ProcTexUpdate
 .text.C3Di_ProcTexDirty
                0x00000000001046bc       0x68 C:/devkitPro/libctru/lib\libcitro3d.a(proctex.o)
                0x00000000001046bc                C3Di_ProcTexDirty
 .text.BufInfo_Init
                0x0000000000104724       0x24 C:/devkitPro/libctru/lib\libcitro3d.a(buffers.o)
                0x0000000000104724                BufInfo_Init
 .text.BufInfo_Add
                0x0000000000104748       0x80 C:/devkitPro/libctru/lib\libcitro3d.a(buffers.o)
                0x0000000000104748                BufInfo_Add
 .text.C3D_SetBufInfo
                0x00000000001047c8       0x40 C:/devkitPro/libctru/lib\libcitro3d.a(buffers.o)
                0x00000000001047c8                C3D_SetBufInfo
 .text.C3Di_BufInfoBind
                0x0000000000104808       0x48 C:/devkitPro/libctru/lib\libcitro3d.a(buffers.o)
                0x0000000000104808                C3Di_BufInfoBind
 .text.C3D_DrawArrays
                0x0000000000104850      0x148 C:/devkitPro/libctru/lib\libcitro3d.a(drawArrays.o)
                0x0000000000104850                C3D_DrawArrays
 .text.C3D_DepthMap
                0x0000000000104998       0x40 C:/devkitPro/libctru/lib\libcitro3d.a(effect.o)
                0x0000000000104998                C3D_DepthMap
 .text.C3D_CullFace
                0x00000000001049d8       0x1c C:/devkitPro/libctru/lib\libcitro3d.a(effect.o)
                0x00000000001049d8                C3D_CullFace
 .text.C3D_StencilTest
                0x00000000001049f4       0x40 C:/devkitPro/libctru/lib\libcitro3d.a(effect.o)
                0x00000000001049f4                C3D_StencilTest
 .text.C3D_StencilOp
                0x0000000000104a34       0x24 C:/devkitPro/libctru/lib\libcitro3d.a(effect.o)
                0x0000000000104a34                C3D_StencilOp
 .text.C3D_BlendingColor
                0x0000000000104a58       0x1c C:/devkitPro/libctru/lib\libcitro3d.a(effect.o)
                0x0000000000104a58                C3D_BlendingColor
 .text.C3D_EarlyDepthTest
                0x0000000000104a74       0x24 C:/devkitPro/libctru/lib\libcitro3d.a(effect.o)
                0x0000000000104a74                C3D_EarlyDepthTest
 .text.C3D_DepthTest
                0x0000000000104a98       0x2c C:/devkitPro/libctru/lib\libcitro3d.a(effect.o)
                0x0000000000104a98                C3D_DepthTest
 .text.C3D_AlphaTest
                0x0000000000104ac4       0x2c C:/devkitPro/libctru/lib\libcitro3d.a(effect.o)
                0x0000000000104ac4                C3D_AlphaTest
 .text.C3D_AlphaBlend
                0x0000000000104af0       0x50 C:/devkitPro/libctru/lib\libcitro3d.a(effect.o)
                0x0000000000104af0                C3D_AlphaBlend
 .text.C3D_FragOpMode
                0x0000000000104b40       0x30 C:/devkitPro/libctru/lib\libcitro3d.a(effect.o)
                0x0000000000104b40                C3D_FragOpMode
 .text.C3D_FragOpShadow
                0x0000000000104b70       0x44 C:/devkitPro/libctru/lib\libcitro3d.a(effect.o)
                0x0000000000104b70                C3D_FragOpShadow
 .text.C3Di_EffectBind
                0x0000000000104bb4      0x1ac C:/devkitPro/libctru/lib\libcitro3d.a(effect.o)
                0x0000000000104bb4                C3Di_EffectBind
 .text.AttrInfo_Init
                0x0000000000104d60       0x28 C:/devkitPro/libctru/lib\libcitro3d.a(attribs.o)
                0x0000000000104d60                AttrInfo_Init
 .text.AttrInfo_AddLoader
                0x0000000000104d88       0x98 C:/devkitPro/libctru/lib\libcitro3d.a(attribs.o)
                0x0000000000104d88                AttrInfo_AddLoader
 .text.C3D_SetAttrInfo
                0x0000000000104e20       0x54 C:/devkitPro/libctru/lib\libcitro3d.a(attribs.o)
                0x0000000000104e20                C3D_SetAttrInfo
 .text.C3Di_AttrInfoBind
                0x0000000000104e74       0x80 C:/devkitPro/libctru/lib\libcitro3d.a(attribs.o)
                0x0000000000104e74                C3Di_AttrInfoBind
 .text.C3D_ImmSendAttrib
                0x0000000000104ef4       0xa8 C:/devkitPro/libctru/lib\libcitro3d.a(immediate.o)
                0x0000000000104ef4                C3D_ImmSendAttrib
 .text.C3D_UpdateUniforms
                0x0000000000104f9c      0x29c C:/devkitPro/libctru/lib\libcitro3d.a(uniforms.o)
                0x0000000000104f9c                C3D_UpdateUniforms
 .text.C3Di_DirtyUniforms
                0x0000000000105238       0xc0 C:/devkitPro/libctru/lib\libcitro3d.a(uniforms.o)
                0x0000000000105238                C3Di_DirtyUniforms
 .text.C3Di_LoadShaderUniforms
                0x00000000001052f8       0xd8 C:/devkitPro/libctru/lib\libcitro3d.a(uniforms.o)
                0x00000000001052f8                C3Di_LoadShaderUniforms
 .text.C3Di_ClearShaderUniforms
                0x00000000001053d0       0x28 C:/devkitPro/libctru/lib\libcitro3d.a(uniforms.o)
                0x00000000001053d0                C3Di_ClearShaderUniforms
 .text.Mtx_Ortho
                0x00000000001053f8       0xcc C:/devkitPro/libctru/lib\libcitro3d.a(mtx_ortho.o)
                0x00000000001053f8                Mtx_Ortho
 .text.Mtx_OrthoTilt
                0x00000000001054c4       0xcc C:/devkitPro/libctru/lib\libcitro3d.a(mtx_orthotilt.o)
                0x00000000001054c4                Mtx_OrthoTilt
 .text._ZL21addrMapNodeComparatorPK11rbtree_nodeS1_
                0x0000000000105590       0x24 C:/devkitPro/libctru/lib\libctru.a(vram.o)
 .text._ZL21addrMapNodeDestructorP11rbtree_node
                0x00000000001055b4        0x4 C:/devkitPro/libctru/lib\libctru.a(vram.o)
 .text.vramMemAlign
                0x00000000001055b8      0x114 C:/devkitPro/libctru/lib\libctru.a(vram.o)
                0x00000000001055b8                vramMemAlign
 .text.vramAlloc
                0x00000000001056cc        0x8 C:/devkitPro/libctru/lib\libctru.a(vram.o)
                0x00000000001056cc                vramAlloc
 .text.vramFree
                0x00000000001056d4       0x5c C:/devkitPro/libctru/lib\libctru.a(vram.o)
                0x00000000001056d4                vramFree
 .text._ZL21addrMapNodeComparatorPK11rbtree_nodeS1_
                0x0000000000105730       0x24 C:/devkitPro/libctru/lib\libctru.a(linear.o)
 .text._ZL21addrMapNodeDestructorP11rbtree_node
                0x0000000000105754        0x4 C:/devkitPro/libctru/lib\libctru.a(linear.o)
 .text.linearMemAlign
                0x0000000000105758      0x120 C:/devkitPro/libctru/lib\libctru.a(linear.o)
                0x0000000000105758                linearMemAlign
 .text.linearAlloc
                0x0000000000105878        0x8 C:/devkitPro/libctru/lib\libctru.a(linear.o)
                0x0000000000105878                linearAlloc
 .text.linearFree
                0x0000000000105880       0x5c C:/devkitPro/libctru/lib\libctru.a(linear.o)
                0x0000000000105880                linearFree
 .text._ZN7MemPool13CoalesceRightEP8MemBlock
                0x00000000001058dc       0x84 C:/devkitPro/libctru/lib\libctru.a(mem_pool.o)
                0x00000000001058dc                MemPool::CoalesceRight(MemBlock*)
 .text._ZN7MemPool8AllocateER8MemChunkmi
                0x0000000000105960      0x170 C:/devkitPro/libctru/lib\libctru.a(mem_pool.o)
                0x0000000000105960                MemPool::Allocate(MemChunk&, unsigned long, int)
 .text._ZN7MemPool10DeallocateERK8MemChunk
                0x0000000000105ad0       0xfc C:/devkitPro/libctru/lib\libctru.a(mem_pool.o)
                0x0000000000105ad0                MemPool::Deallocate(MemChunk const&)
 .text.romfs_close
                0x0000000000105bcc        0x8 C:/devkitPro/libctru/lib\libctru.a(romfs_dev.o)
 .text.romfs_seek
                0x0000000000105bd4       0xc8 C:/devkitPro/libctru/lib\libctru.a(romfs_dev.o)
 .text.romfs_dirreset
                0x0000000000105c9c       0x24 C:/devkitPro/libctru/lib\libctru.a(romfs_dev.o)
 .text.fill_dir
                0x0000000000105cc0       0xc8 C:/devkitPro/libctru/lib\libctru.a(romfs_dev.o)
 .text.romfs_dirnext
                0x0000000000105d88      0x2b0 C:/devkitPro/libctru/lib\libctru.a(romfs_dev.o)
 .text.romfs_free
                0x0000000000106038       0x84 C:/devkitPro/libctru/lib\libctru.a(romfs_dev.o)
 .text.searchForFile.constprop.0
                0x00000000001060bc       0xd4 C:/devkitPro/libctru/lib\libctru.a(romfs_dev.o)
 .text.searchForDir.constprop.0
                0x0000000000106190       0xd8 C:/devkitPro/libctru/lib\libctru.a(romfs_dev.o)
 .text.navigateToDir.constprop.0
                0x0000000000106268      0x1c0 C:/devkitPro/libctru/lib\libctru.a(romfs_dev.o)
 .text.romfs_open
                0x0000000000106428      0x128 C:/devkitPro/libctru/lib\libctru.a(romfs_dev.o)
 .text.romfs_chdir
                0x0000000000106550       0x4c C:/devkitPro/libctru/lib\libctru.a(romfs_dev.o)
 .text.romfs_diropen
                0x000000000010659c       0x70 C:/devkitPro/libctru/lib\libctru.a(romfs_dev.o)
 .text.romfs_stat
                0x000000000010660c      0x17c C:/devkitPro/libctru/lib\libctru.a(romfs_dev.o)
 .text.romfs_dirclose
                0x0000000000106788        0x8 C:/devkitPro/libctru/lib\libctru.a(romfs_dev.o)
 .text.romfs_fstat
                0x0000000000106790       0x7c C:/devkitPro/libctru/lib\libctru.a(romfs_dev.o)
 .text.romfs_read
                0x000000000010680c       0xd4 C:/devkitPro/libctru/lib\libctru.a(romfs_dev.o)
 .text.romfsMountFromFile
                0x00000000001068e0      0x290 C:/devkitPro/libctru/lib\libctru.a(romfs_dev.o)
                0x00000000001068e0                romfsMountFromFile
 .text.romfsMountFromCurrentProcess
                0x0000000000106b70       0x98 C:/devkitPro/libctru/lib\libctru.a(romfs_dev.o)
                0x0000000000106b70                romfsMountFromCurrentProcess
 .text.romfsMountSelf
                0x0000000000106c08      0x25c C:/devkitPro/libctru/lib\libctru.a(romfs_dev.o)
                0x0000000000106c08                romfsMountSelf
 .text.romfsUnmount
                0x0000000000106e64       0xac C:/devkitPro/libctru/lib\libctru.a(romfs_dev.o)
                0x0000000000106e64                romfsUnmount
 .text.osConvertVirtToPhys
                0x0000000000106f10       0x74 C:/devkitPro/libctru/lib\libctru.a(os.o)
                0x0000000000106f10                osConvertVirtToPhys
 .text.osGetTimeRef
                0x0000000000106f84       0x54 C:/devkitPro/libctru/lib\libctru.a(os.o)
                0x0000000000106f84                osGetTimeRef
 .text.osGetTime
                0x0000000000106fd8       0xe4 C:/devkitPro/libctru/lib\libctru.a(os.o)
                0x0000000000106fd8                osGetTime
 .text.__libctru_gtod
                0x00000000001070bc       0x74 C:/devkitPro/libctru/lib\libctru.a(os.o)
                0x00000000001070bc                __libctru_gtod
 .text.osTickCounterRead
                0x0000000000107130       0x38 C:/devkitPro/libctru/lib\libctru.a(os.o)
                0x0000000000107130                osTickCounterRead
 .text.__ctru_speedup_config
                0x0000000000107168       0x34 C:/devkitPro/libctru/lib\libctru.a(os.o)
                0x0000000000107168                __ctru_speedup_config
 .text.consoleDrawChar
                0x000000000010719c      0x178 C:/devkitPro/libctru/lib\libctru.a(console.o)
                0x000000000010719c                consoleDrawChar
 .text.consolePrintChar
                0x0000000000107314      0x124 C:/devkitPro/libctru/lib\libctru.a(console.o)
                0x0000000000107314                consolePrintChar
 .text.con_write
                0x0000000000107438      0xa00 C:/devkitPro/libctru/lib\libctru.a(console.o)
                0x0000000000107438                con_write
 .text.consoleInit
                0x0000000000107e38      0x168 C:/devkitPro/libctru/lib\libctru.a(console.o)
                0x0000000000107e38                consoleInit
 .text.newRow   0x0000000000107fa0       0xf4 C:/devkitPro/libctru/lib\libctru.a(console.o)
 .text.gfxPresentFramebuffer
                0x0000000000108094       0xd0 C:/devkitPro/libctru/lib\libctru.a(gfx.o)
 .text.gfxIsWide
                0x0000000000108164       0x1c C:/devkitPro/libctru/lib\libctru.a(gfx.o)
                0x0000000000108164                gfxIsWide
 .text.gfxSetScreenFormat
                0x0000000000108180       0xec C:/devkitPro/libctru/lib\libctru.a(gfx.o)
                0x0000000000108180                gfxSetScreenFormat
 .text.gfxSetDoubleBuffering
                0x000000000010826c       0x10 C:/devkitPro/libctru/lib\libctru.a(gfx.o)
                0x000000000010826c                gfxSetDoubleBuffering
 .text.gfxInit  0x000000000010827c      0x108 C:/devkitPro/libctru/lib\libctru.a(gfx.o)
                0x000000000010827c                gfxInit
 .text.gfxInitDefault
                0x0000000000108384       0x10 C:/devkitPro/libctru/lib\libctru.a(gfx.o)
                0x0000000000108384                gfxInitDefault
 .text.gfxExit  0x0000000000108394       0xb4 C:/devkitPro/libctru/lib\libctru.a(gfx.o)
                0x0000000000108394                gfxExit
 .text.gfxGetFramebuffer
                0x0000000000108448       0xa0 C:/devkitPro/libctru/lib\libctru.a(gfx.o)
                0x0000000000108448                gfxGetFramebuffer
 .text.gfxFlushBuffers
                0x00000000001084e8      0x10c C:/devkitPro/libctru/lib\libctru.a(gfx.o)
                0x00000000001084e8                gfxFlushBuffers
 .text.gfxScreenSwapBuffers
                0x00000000001085f4       0x30 C:/devkitPro/libctru/lib\libctru.a(gfx.o)
                0x00000000001085f4                gfxScreenSwapBuffers
 .text.gfxSwapBuffersGpu
                0x0000000000108624       0x50 C:/devkitPro/libctru/lib\libctru.a(gfx.o)
                0x0000000000108624                gfxSwapBuffersGpu
 .text.shaderInstanceInit
                0x0000000000108674      0x1e0 C:/devkitPro/libctru/lib\libctru.a(shaderProgram.o)
                0x0000000000108674                shaderInstanceInit
 .text.shaderInstanceGetUniformLocation
                0x0000000000108854       0x18 C:/devkitPro/libctru/lib\libctru.a(shaderProgram.o)
                0x0000000000108854                shaderInstanceGetUniformLocation
 .text.shaderProgramInit
                0x000000000010886c       0x1c C:/devkitPro/libctru/lib\libctru.a(shaderProgram.o)
                0x000000000010886c                shaderProgramInit
 .text.shaderProgramFree
                0x0000000000108888       0x64 C:/devkitPro/libctru/lib\libctru.a(shaderProgram.o)
                0x0000000000108888                shaderProgramFree
 .text.shaderProgramSetVsh
                0x00000000001088ec       0x80 C:/devkitPro/libctru/lib\libctru.a(shaderProgram.o)
                0x00000000001088ec                shaderProgramSetVsh
 .text.shaderProgramConfigure
                0x000000000010896c      0x8c0 C:/devkitPro/libctru/lib\libctru.a(shaderProgram.o)
                0x000000000010896c                shaderProgramConfigure
 .text.DVLE_GenerateOutmap.part.0
                0x000000000010922c      0x1f8 C:/devkitPro/libctru/lib\libctru.a(shbin.o)
 .text.DVLB_ParseFile
                0x0000000000109424      0x1cc C:/devkitPro/libctru/lib\libctru.a(shbin.o)
                0x0000000000109424                DVLB_ParseFile
 .text.DVLB_Free
                0x00000000001095f0       0x38 C:/devkitPro/libctru/lib\libctru.a(shbin.o)
                0x00000000001095f0                DVLB_Free
 .text.DVLE_GetUniformRegister
                0x0000000000109628       0x74 C:/devkitPro/libctru/lib\libctru.a(shbin.o)
                0x0000000000109628                DVLE_GetUniformRegister
 .text.GX_BindQueue
                0x000000000010969c       0x10 C:/devkitPro/libctru/lib\libctru.a(gx.o)
                0x000000000010969c                GX_BindQueue
 .text.GX_ProcessCommandList
                0x00000000001096ac       0x78 C:/devkitPro/libctru/lib\libctru.a(gx.o)
                0x00000000001096ac                GX_ProcessCommandList
 .text.GX_MemoryFill
                0x0000000000109724       0x74 C:/devkitPro/libctru/lib\libctru.a(gx.o)
                0x0000000000109724                GX_MemoryFill
 .text.GX_DisplayTransfer
                0x0000000000109798       0x70 C:/devkitPro/libctru/lib\libctru.a(gx.o)
                0x0000000000109798                GX_DisplayTransfer
 .text.GX_TextureCopy
                0x0000000000109808       0x74 C:/devkitPro/libctru/lib\libctru.a(gx.o)
                0x0000000000109808                GX_TextureCopy
 .text.gxCmdQueueDoCommands.part.0
                0x000000000010987c       0x68 C:/devkitPro/libctru/lib\libctru.a(gxqueue.o)
 .text.gxCmdQueueInterrupt
                0x00000000001098e4       0xc8 C:/devkitPro/libctru/lib\libctru.a(gxqueue.o)
                0x00000000001098e4                gxCmdQueueInterrupt
 .text.gxCmdQueueClear
                0x00000000001099ac       0x4c C:/devkitPro/libctru/lib\libctru.a(gxqueue.o)
                0x00000000001099ac                gxCmdQueueClear
 .text.gxCmdQueueAdd
                0x00000000001099f8       0xf8 C:/devkitPro/libctru/lib\libctru.a(gxqueue.o)
                0x00000000001099f8                gxCmdQueueAdd
 .text.gxCmdQueueRun
                0x0000000000109af0       0x80 C:/devkitPro/libctru/lib\libctru.a(gxqueue.o)
                0x0000000000109af0                gxCmdQueueRun
 .text.gxCmdQueueStop
                0x0000000000109b70       0x60 C:/devkitPro/libctru/lib\libctru.a(gxqueue.o)
                0x0000000000109b70                gxCmdQueueStop
 .text.gxCmdQueueWait
                0x0000000000109bd0       0x74 C:/devkitPro/libctru/lib\libctru.a(gxqueue.o)
                0x0000000000109bd0                gxCmdQueueWait
 .text.GPUCMD_Add
                0x0000000000109c44      0x13c C:/devkitPro/libctru/lib\libctru.a(gpu.o)
                0x0000000000109c44                GPUCMD_Add
 .text.GPUCMD_Split
                0x0000000000109d80       0xac C:/devkitPro/libctru/lib\libctru.a(gpu.o)
                0x0000000000109d80                GPUCMD_Split
 .text.f32tof16
                0x0000000000109e2c       0x40 C:/devkitPro/libctru/lib\libctru.a(gpu.o)
                0x0000000000109e2c                f32tof16
 .text.f32tof24
                0x0000000000109e6c       0x40 C:/devkitPro/libctru/lib\libctru.a(gpu.o)
                0x0000000000109e6c                f32tof24
 .text.f32tof31
                0x0000000000109eac       0x44 C:/devkitPro/libctru/lib\libctru.a(gpu.o)
                0x0000000000109eac                f32tof31
 .text.gspHardwareInit
                0x0000000000109ef0      0xc58 C:/devkitPro/libctru/lib\libctru.a(gspgpu.o)
 .text.gspInit  0x000000000010ab48      0x254 C:/devkitPro/libctru/lib\libctru.a(gspgpu.o)
                0x000000000010ab48                gspInit
 .text.gspExit  0x000000000010ad9c       0xf0 C:/devkitPro/libctru/lib\libctru.a(gspgpu.o)
                0x000000000010ad9c                gspExit
 .text.gspHasGpuRight
                0x000000000010ae8c       0x10 C:/devkitPro/libctru/lib\libctru.a(gspgpu.o)
                0x000000000010ae8c                gspHasGpuRight
 .text.gspPresentBuffer
                0x000000000010ae9c       0x98 C:/devkitPro/libctru/lib\libctru.a(gspgpu.o)
                0x000000000010ae9c                gspPresentBuffer
 .text.gspSetEventCallback
                0x000000000010af34       0x30 C:/devkitPro/libctru/lib\libctru.a(gspgpu.o)
                0x000000000010af34                gspSetEventCallback
 .text.gspWaitForEvent
                0x000000000010af64       0x50 C:/devkitPro/libctru/lib\libctru.a(gspgpu.o)
                0x000000000010af64                gspWaitForEvent
 .text.gspWaitForAnyEvent
                0x000000000010afb4       0x4c C:/devkitPro/libctru/lib\libctru.a(gspgpu.o)
                0x000000000010afb4                gspWaitForAnyEvent
 .text.gspEventThreadMain
                0x000000000010b000      0x160 C:/devkitPro/libctru/lib\libctru.a(gspgpu.o)
 .text.gspSubmitGxCommand
                0x000000000010b160      0x130 C:/devkitPro/libctru/lib\libctru.a(gspgpu.o)
                0x000000000010b160                gspSubmitGxCommand
 .text.GSPGPU_FlushDataCache
                0x000000000010b290       0x50 C:/devkitPro/libctru/lib\libctru.a(gspgpu.o)
                0x000000000010b290                GSPGPU_FlushDataCache
 .text.GSPGPU_SetLcdForceBlack
                0x000000000010b2e0       0x34 C:/devkitPro/libctru/lib\libctru.a(gspgpu.o)
                0x000000000010b2e0                GSPGPU_SetLcdForceBlack
 .text.GSPGPU_AcquireRight
                0x000000000010b314       0x68 C:/devkitPro/libctru/lib\libctru.a(gspgpu.o)
                0x000000000010b314                GSPGPU_AcquireRight
 .text.GSPGPU_ReleaseRight
                0x000000000010b37c       0x48 C:/devkitPro/libctru/lib\libctru.a(gspgpu.o)
                0x000000000010b37c                GSPGPU_ReleaseRight
 .text.GSPGPU_ImportDisplayCaptureInfo
                0x000000000010b3c4       0x7c C:/devkitPro/libctru/lib\libctru.a(gspgpu.o)
                0x000000000010b3c4                GSPGPU_ImportDisplayCaptureInfo
 .text.GSPGPU_SaveVramSysArea
                0x000000000010b440       0x2c C:/devkitPro/libctru/lib\libctru.a(gspgpu.o)
                0x000000000010b440                GSPGPU_SaveVramSysArea
 .text.GSPGPU_RestoreVramSysArea
                0x000000000010b46c       0x2c C:/devkitPro/libctru/lib\libctru.a(gspgpu.o)
                0x000000000010b46c                GSPGPU_RestoreVramSysArea
 .text.aptConvertScreenForCapture
                0x000000000010b498      0x1b0 C:/devkitPro/libctru/lib\libctru.a(apt.o)
 .text.aptDspSleep
                0x000000000010b648        0x8 C:/devkitPro/libctru/lib\libctru.a(apt.o)
                0x000000000010b648                aptDspSleep
 .text.aptDspWakeup
                0x000000000010b650        0x4 C:/devkitPro/libctru/lib\libctru.a(apt.o)
                0x000000000010b650                aptDspWakeup
 .text.aptDspCancel
                0x000000000010b654        0x4 C:/devkitPro/libctru/lib\libctru.a(apt.o)
                0x000000000010b654                aptDspCancel
 .text.aptSendCommand
                0x000000000010b658      0x15c C:/devkitPro/libctru/lib\libctru.a(apt.o)
                0x000000000010b658                aptSendCommand
 .text.aptExitProcess
                0x000000000010b7b4       0x38 C:/devkitPro/libctru/lib\libctru.a(apt.o)
 .text.aptExit  0x000000000010b7ec      0x2f0 C:/devkitPro/libctru/lib\libctru.a(apt.o)
                0x000000000010b7ec                aptExit
 .text.aptHandleSleep
                0x000000000010badc       0xd8 C:/devkitPro/libctru/lib\libctru.a(apt.o)
                0x000000000010badc                aptHandleSleep
 .text.aptHook  0x000000000010bbb4       0x30 C:/devkitPro/libctru/lib\libctru.a(apt.o)
                0x000000000010bbb4                aptHook
 .text.aptUnhook
                0x000000000010bbe4       0x30 C:/devkitPro/libctru/lib\libctru.a(apt.o)
                0x000000000010bbe4                aptUnhook
 .text.APT_SleepIfShellClosed
                0x000000000010bc14       0x84 C:/devkitPro/libctru/lib\libctru.a(apt.o)
                0x000000000010bc14                APT_SleepIfShellClosed
 .text.aptSetSleepAllowed
                0x000000000010bc98       0x84 C:/devkitPro/libctru/lib\libctru.a(apt.o)
                0x000000000010bc98                aptSetSleepAllowed
 .text.APT_UnlockTransition
                0x000000000010bd1c       0x84 C:/devkitPro/libctru/lib\libctru.a(apt.o)
                0x000000000010bd1c                APT_UnlockTransition
 .text.aptEventHandler
                0x000000000010bda0      0x484 C:/devkitPro/libctru/lib\libctru.a(apt.o)
 .text.APT_ReceiveParameter
                0x000000000010c224       0xb0 C:/devkitPro/libctru/lib\libctru.a(apt.o)
                0x000000000010c224                APT_ReceiveParameter
 .text.aptReceiveParameter.constprop.0
                0x000000000010c2d4       0xb0 C:/devkitPro/libctru/lib\libctru.a(apt.o)
 *fill*         0x000000000010c384        0x4 
 .text.aptScreenTransfer
                0x000000000010c388      0x2bc C:/devkitPro/libctru/lib\libctru.a(apt.o)
 .text.aptWaitForWakeUp.isra.0
                0x000000000010c644      0x2d0 C:/devkitPro/libctru/lib\libctru.a(apt.o)
 .text.aptJumpToHomeMenu
                0x000000000010c914       0xf8 C:/devkitPro/libctru/lib\libctru.a(apt.o)
                0x000000000010c914                aptJumpToHomeMenu
 .text.aptMainLoop
                0x000000000010ca0c       0x4c C:/devkitPro/libctru/lib\libctru.a(apt.o)
                0x000000000010ca0c                aptMainLoop
 .text.aptInit  0x000000000010ca58      0x234 C:/devkitPro/libctru/lib\libctru.a(apt.o)
                0x000000000010ca58                aptInit
 .text.APT_CheckNew3DS
                0x000000000010cc8c       0x7c C:/devkitPro/libctru/lib\libctru.a(apt.o)
                0x000000000010cc8c                APT_CheckNew3DS
 .text.hidShouldUseIrrst
                0x000000000010cd08       0x24 C:/devkitPro/libctru/lib\libctru.a(hid.o)
                0x000000000010cd08                hidShouldUseIrrst
 .text.hidInit  0x000000000010cd2c      0x18c C:/devkitPro/libctru/lib\libctru.a(hid.o)
                0x000000000010cd2c                hidInit
 .text.hidExit  0x000000000010ceb8       0xe8 C:/devkitPro/libctru/lib\libctru.a(hid.o)
                0x000000000010ceb8                hidExit
 .text.hidScanInput
                0x000000000010cfa0      0x294 C:/devkitPro/libctru/lib\libctru.a(hid.o)
                0x000000000010cfa0                hidScanInput
 .text.hidKeysHeld
                0x000000000010d234       0x10 C:/devkitPro/libctru/lib\libctru.a(hid.o)
                0x000000000010d234                hidKeysHeld
 .text.hidKeysDown
                0x000000000010d244       0x10 C:/devkitPro/libctru/lib\libctru.a(hid.o)
                0x000000000010d244                hidKeysDown
 .text.hidKeysUp
                0x000000000010d254       0x10 C:/devkitPro/libctru/lib\libctru.a(hid.o)
                0x000000000010d254                hidKeysUp
 .text.ptmSysmInit
                0x000000000010d264       0x74 C:/devkitPro/libctru/lib\libctru.a(ptmsysm.o)
                0x000000000010d264                ptmSysmInit
 .text.ptmSysmExit
                0x000000000010d2d8       0x3c C:/devkitPro/libctru/lib\libctru.a(ptmsysm.o)
                0x000000000010d2d8                ptmSysmExit
 .text.PTMSYSM_ConfigureNew3DSCPU
                0x000000000010d314       0x34 C:/devkitPro/libctru/lib\libctru.a(ptmsysm.o)
                0x000000000010d314                PTMSYSM_ConfigureNew3DSCPU
 .text.fsInit   0x000000000010d348       0xc8 C:/devkitPro/libctru/lib\libctru.a(fs.o)
                0x000000000010d348                fsInit
 .text.fsExit   0x000000000010d410       0x3c C:/devkitPro/libctru/lib\libctru.a(fs.o)
                0x000000000010d410                fsExit
 .text.fsExemptFromSession
                0x000000000010d44c       0x60 C:/devkitPro/libctru/lib\libctru.a(fs.o)
                0x000000000010d44c                fsExemptFromSession
 .text.fsUnexemptFromSession
                0x000000000010d4ac       0x50 C:/devkitPro/libctru/lib\libctru.a(fs.o)
                0x000000000010d4ac                fsUnexemptFromSession
 .text.FSUSER_OpenFile
                0x000000000010d4fc       0xcc C:/devkitPro/libctru/lib\libctru.a(fs.o)
                0x000000000010d4fc                FSUSER_OpenFile
 .text.FSUSER_OpenFileDirectly
                0x000000000010d5c8       0xd4 C:/devkitPro/libctru/lib\libctru.a(fs.o)
                0x000000000010d5c8                FSUSER_OpenFileDirectly
 .text.FSUSER_DeleteFile
                0x000000000010d69c       0xbc C:/devkitPro/libctru/lib\libctru.a(fs.o)
                0x000000000010d69c                FSUSER_DeleteFile
 .text.FSUSER_RenameFile
                0x000000000010d758       0xf8 C:/devkitPro/libctru/lib\libctru.a(fs.o)
                0x000000000010d758                FSUSER_RenameFile
 .text.FSUSER_DeleteDirectory
                0x000000000010d850       0xbc C:/devkitPro/libctru/lib\libctru.a(fs.o)
                0x000000000010d850                FSUSER_DeleteDirectory
 .text.FSUSER_CreateFile
                0x000000000010d90c       0xd4 C:/devkitPro/libctru/lib\libctru.a(fs.o)
                0x000000000010d90c                FSUSER_CreateFile
 .text.FSUSER_CreateDirectory
                0x000000000010d9e0       0xc4 C:/devkitPro/libctru/lib\libctru.a(fs.o)
                0x000000000010d9e0                FSUSER_CreateDirectory
 .text.FSUSER_RenameDirectory
                0x000000000010daa4       0xf8 C:/devkitPro/libctru/lib\libctru.a(fs.o)
                0x000000000010daa4                FSUSER_RenameDirectory
 .text.FSUSER_OpenDirectory
                0x000000000010db9c       0xb4 C:/devkitPro/libctru/lib\libctru.a(fs.o)
                0x000000000010db9c                FSUSER_OpenDirectory
 .text.FSUSER_OpenArchive
                0x000000000010dc50       0x94 C:/devkitPro/libctru/lib\libctru.a(fs.o)
                0x000000000010dc50                FSUSER_OpenArchive
 .text.FSUSER_CloseArchive
                0x000000000010dce4       0x8c C:/devkitPro/libctru/lib\libctru.a(fs.o)
                0x000000000010dce4                FSUSER_CloseArchive
 .text.FSUSER_GetSdmcArchiveResource
                0x000000000010dd70       0x74 C:/devkitPro/libctru/lib\libctru.a(fs.o)
                0x000000000010dd70                FSUSER_GetSdmcArchiveResource
 .text.FSUSER_IsSdmcWritable
                0x000000000010dde4       0x64 C:/devkitPro/libctru/lib\libctru.a(fs.o)
                0x000000000010dde4                FSUSER_IsSdmcWritable
 .text.FSFILE_Read
                0x000000000010de48       0x58 C:/devkitPro/libctru/lib\libctru.a(fs.o)
                0x000000000010de48                FSFILE_Read
 .text.FSFILE_Write
                0x000000000010dea0       0x60 C:/devkitPro/libctru/lib\libctru.a(fs.o)
                0x000000000010dea0                FSFILE_Write
 .text.FSFILE_GetSize
                0x000000000010df00       0x38 C:/devkitPro/libctru/lib\libctru.a(fs.o)
                0x000000000010df00                FSFILE_GetSize
 .text.FSFILE_SetSize
                0x000000000010df38       0x28 C:/devkitPro/libctru/lib\libctru.a(fs.o)
                0x000000000010df38                FSFILE_SetSize
 .text.FSFILE_Close
                0x000000000010df60       0x3c C:/devkitPro/libctru/lib\libctru.a(fs.o)
                0x000000000010df60                FSFILE_Close
 .text.FSFILE_Flush
                0x000000000010df9c       0x24 C:/devkitPro/libctru/lib\libctru.a(fs.o)
                0x000000000010df9c                FSFILE_Flush
 .text.FSDIR_Read
                0x000000000010dfc0       0x50 C:/devkitPro/libctru/lib\libctru.a(fs.o)
                0x000000000010dfc0                FSDIR_Read
 .text.FSDIR_Close
                0x000000000010e010       0x3c C:/devkitPro/libctru/lib\libctru.a(fs.o)
                0x000000000010e010                FSDIR_Close
 .text.buffer_read
                0x000000000010e04c       0xcc C:/devkitPro/libctru/lib\libctru.a(decompress.o)
 .text.iov_read
                0x000000000010e118       0xd0 C:/devkitPro/libctru/lib\libctru.a(decompress.o)
 .text.iov_memmove
                0x000000000010e1e8      0x128 C:/devkitPro/libctru/lib\libctru.a(decompress.o)
 .text.decompress_rle
                0x000000000010e310      0x1d8 C:/devkitPro/libctru/lib\libctru.a(decompress.o)
 .text.decompress_lzss
                0x000000000010e4e8      0x258 C:/devkitPro/libctru/lib\libctru.a(decompress.o)
 .text.decompress_huff.part.0
                0x000000000010e740      0x2ec C:/devkitPro/libctru/lib\libctru.a(decompress.o)
 .text.decompress_lz11
                0x000000000010ea2c      0x440 C:/devkitPro/libctru/lib\libctru.a(decompress.o)
 .text.decompressCallback_Stdio
                0x000000000010ee6c       0x10 C:/devkitPro/libctru/lib\libctru.a(decompress.o)
                0x000000000010ee6c                decompressCallback_Stdio
 .text.decompressHeader
                0x000000000010ee7c       0xe4 C:/devkitPro/libctru/lib\libctru.a(decompress.o)
                0x000000000010ee7c                decompressHeader
 .text.decompressV
                0x000000000010ef60      0x250 C:/devkitPro/libctru/lib\libctru.a(decompress.o)
                0x000000000010ef60                decompressV
 .text.rbtree_init
                0x000000000010f1b0       0x10 C:/devkitPro/libctru/lib\libctru.a(rbtree_init.o)
                0x000000000010f1b0                rbtree_init
 .text.do_insert
                0x000000000010f1c0      0x1a0 C:/devkitPro/libctru/lib\libctru.a(rbtree_insert.o)
 .text.rbtree_insert
                0x000000000010f360        0x8 C:/devkitPro/libctru/lib\libctru.a(rbtree_insert.o)
                0x000000000010f360                rbtree_insert
 .text.rbtree_rotate
                0x000000000010f368       0x90 C:/devkitPro/libctru/lib\libctru.a(rbtree_rotate.o)
                0x000000000010f368                rbtree_rotate
 .text.rbtree_remove
                0x000000000010f3f8      0x338 C:/devkitPro/libctru/lib\libctru.a(rbtree_remove.o)
                0x000000000010f3f8                rbtree_remove
 .text.rbtree_find
                0x000000000010f730       0x74 C:/devkitPro/libctru/lib\libctru.a(rbtree_find.o)
                0x000000000010f730                rbtree_find
 .text.utf16_to_utf8
                0x000000000010f7a4       0xe8 C:/devkitPro/libctru/lib\libctru.a(utf16_to_utf8.o)
                0x000000000010f7a4                utf16_to_utf8
 .text.decode_utf16
                0x000000000010f88c       0x64 C:/devkitPro/libctru/lib\libctru.a(decode_utf16.o)
                0x000000000010f88c                decode_utf16
 .text.utf8_to_utf16
                0x000000000010f8f0       0xc0 C:/devkitPro/libctru/lib\libctru.a(utf8_to_utf16.o)
                0x000000000010f8f0                utf8_to_utf16
 .text.__system_allocateHeaps
                0x000000000010f9b0      0x1e0 C:/devkitPro/libctru/lib\libctru.a(allocateHeaps.o)
                0x000000000010f9b0                __system_allocateHeaps
 .text.__libctru_init
                0x000000000010fb90       0x38 C:/devkitPro/libctru/lib\libctru.a(ctru_init.o)
                0x000000000010fb90                __libctru_init
 .text.__system_initArgv
                0x000000000010fbc8       0xf0 C:/devkitPro/libctru/lib\libctru.a(initArgv.o)
                0x000000000010fbc8                __system_initArgv
 .text.svcControlMemory
                0x000000000010fcb8       0x20 C:/devkitPro/libctru/lib\libctru.a(svc.o)
                0x000000000010fcb8                svcControlMemory
 .text.svcQueryMemory
                0x000000000010fcd8       0x30 C:/devkitPro/libctru/lib\libctru.a(svc.o)
                0x000000000010fcd8                svcQueryMemory
 .text.svcExitProcess
                0x000000000010fd08        0x8 C:/devkitPro/libctru/lib\libctru.a(svc.o)
                0x000000000010fd08                svcExitProcess
 .text.svcCreateThread
                0x000000000010fd10       0x20 C:/devkitPro/libctru/lib\libctru.a(svc.o)
                0x000000000010fd10                svcCreateThread
 .text.svcExitThread
                0x000000000010fd30        0x8 C:/devkitPro/libctru/lib\libctru.a(svc.o)
                0x000000000010fd30                svcExitThread
 .text.svcSleepThread
                0x000000000010fd38        0x8 C:/devkitPro/libctru/lib\libctru.a(svc.o)
                0x000000000010fd38                svcSleepThread
 .text.svcReleaseMutex
                0x000000000010fd40        0x8 C:/devkitPro/libctru/lib\libctru.a(svc.o)
                0x000000000010fd40                svcReleaseMutex
 .text.svcCreateEvent
                0x000000000010fd48       0x14 C:/devkitPro/libctru/lib\libctru.a(svc.o)
                0x000000000010fd48                svcCreateEvent
 .text.svcSignalEvent
                0x000000000010fd5c        0x8 C:/devkitPro/libctru/lib\libctru.a(svc.o)
                0x000000000010fd5c                svcSignalEvent
 .text.svcClearEvent
                0x000000000010fd64        0x8 C:/devkitPro/libctru/lib\libctru.a(svc.o)
                0x000000000010fd64                svcClearEvent
 .text.svcMapMemoryBlock
                0x000000000010fd6c        0x8 C:/devkitPro/libctru/lib\libctru.a(svc.o)
                0x000000000010fd6c                svcMapMemoryBlock
 .text.svcUnmapMemoryBlock
                0x000000000010fd74        0x8 C:/devkitPro/libctru/lib\libctru.a(svc.o)
                0x000000000010fd74                svcUnmapMemoryBlock
 .text.svcCreateAddressArbiter
                0x000000000010fd7c       0x14 C:/devkitPro/libctru/lib\libctru.a(svc.o)
                0x000000000010fd7c                svcCreateAddressArbiter
 .text.svcArbitrateAddressNoTimeout
                0x000000000010fd90        0x8 C:/devkitPro/libctru/lib\libctru.a(svc.o)
                0x000000000010fd90                svcArbitrateAddressNoTimeout
 .text.svcCloseHandle
                0x000000000010fd98        0x8 C:/devkitPro/libctru/lib\libctru.a(svc.o)
                0x000000000010fd98                svcCloseHandle
 .text.svcWaitSynchronization
                0x000000000010fda0        0x8 C:/devkitPro/libctru/lib\libctru.a(svc.o)
                0x000000000010fda0                svcWaitSynchronization
 .text.svcWaitSynchronizationN
                0x000000000010fda8       0x28 C:/devkitPro/libctru/lib\libctru.a(svc.o)
                0x000000000010fda8                svcWaitSynchronizationN
 .text.svcDuplicateHandle
                0x000000000010fdd0       0x14 C:/devkitPro/libctru/lib\libctru.a(svc.o)
                0x000000000010fdd0                svcDuplicateHandle
 .text.svcGetSystemTick
                0x000000000010fde4        0x8 C:/devkitPro/libctru/lib\libctru.a(svc.o)
                0x000000000010fde4                svcGetSystemTick
 .text.svcConnectToPort
                0x000000000010fdec       0x14 C:/devkitPro/libctru/lib\libctru.a(svc.o)
                0x000000000010fdec                svcConnectToPort
 .text.svcSendSyncRequest
                0x000000000010fe00        0x8 C:/devkitPro/libctru/lib\libctru.a(svc.o)
                0x000000000010fe00                svcSendSyncRequest
 .text.svcGetResourceLimit
                0x000000000010fe08       0x14 C:/devkitPro/libctru/lib\libctru.a(svc.o)
                0x000000000010fe08                svcGetResourceLimit
 .text.svcGetResourceLimitLimitValues
                0x000000000010fe1c        0x8 C:/devkitPro/libctru/lib\libctru.a(svc.o)
                0x000000000010fe1c                svcGetResourceLimitLimitValues
 .text.svcGetResourceLimitCurrentValues
                0x000000000010fe24        0x8 C:/devkitPro/libctru/lib\libctru.a(svc.o)
                0x000000000010fe24                svcGetResourceLimitCurrentValues
 .text.svcBreak
                0x000000000010fe2c        0x8 C:/devkitPro/libctru/lib\libctru.a(svc.o)
                0x000000000010fe2c                svcBreak
 .text.initSystem
                0x000000000010fe34       0x50 C:/devkitPro/libctru/lib\libctru.a(stack_adjust.o)
                0x000000000010fe34                initSystem
 .text.__ctru_exit
                0x000000000010fe84       0x18 C:/devkitPro/libctru/lib\libctru.a(stack_adjust.o)
                0x000000000010fe84                __ctru_exit
 .text.__aeabi_read_tp
                0x000000000010fe9c        0xc C:/devkitPro/libctru/lib\libctru.a(readtp.o)
                0x000000000010fe9c                __aeabi_read_tp
 .text.__sync_init
                0x000000000010fea8        0xc C:/devkitPro/libctru/lib\libctru.a(synchronization.o)
                0x000000000010fea8                __sync_init
 .text.__sync_fini
                0x000000000010feb4       0x18 C:/devkitPro/libctru/lib\libctru.a(synchronization.o)
                0x000000000010feb4                __sync_fini
 .text.syncArbitrateAddress
                0x000000000010fecc       0x2c C:/devkitPro/libctru/lib\libctru.a(synchronization.o)
                0x000000000010fecc                syncArbitrateAddress
 .text.LightLock_Init
                0x000000000010fef8       0x1c C:/devkitPro/libctru/lib\libctru.a(synchronization.o)
                0x000000000010fef8                LightLock_Init
 .text.LightLock_Lock
                0x000000000010ff14       0x94 C:/devkitPro/libctru/lib\libctru.a(synchronization.o)
                0x000000000010ff14                LightLock_Lock
 .text.LightLock_TryLock
                0x000000000010ffa8       0x44 C:/devkitPro/libctru/lib\libctru.a(synchronization.o)
                0x000000000010ffa8                LightLock_TryLock
 .text.LightLock_Unlock
                0x000000000010ffec       0x40 C:/devkitPro/libctru/lib\libctru.a(synchronization.o)
                0x000000000010ffec                LightLock_Unlock
 .text.RecursiveLock_Init
                0x000000000011002c       0x24 C:/devkitPro/libctru/lib\libctru.a(synchronization.o)
                0x000000000011002c                RecursiveLock_Init
 .text.RecursiveLock_Lock
                0x0000000000110050       0x30 C:/devkitPro/libctru/lib\libctru.a(synchronization.o)
                0x0000000000110050                RecursiveLock_Lock
 .text.RecursiveLock_TryLock
                0x0000000000110080       0x78 C:/devkitPro/libctru/lib\libctru.a(synchronization.o)
                0x0000000000110080                RecursiveLock_TryLock
 .text.RecursiveLock_Unlock
                0x00000000001100f8       0x54 C:/devkitPro/libctru/lib\libctru.a(synchronization.o)
                0x00000000001100f8                RecursiveLock_Unlock
 .text.LightEvent_Init
                0x000000000011014c       0x40 C:/devkitPro/libctru/lib\libctru.a(synchronization.o)
                0x000000000011014c                LightEvent_Init
 .text.LightEvent_Clear
                0x000000000011018c       0xa4 C:/devkitPro/libctru/lib\libctru.a(synchronization.o)
                0x000000000011018c                LightEvent_Clear
 .text.LightEvent_Signal
                0x0000000000110230       0xc8 C:/devkitPro/libctru/lib\libctru.a(synchronization.o)
                0x0000000000110230                LightEvent_Signal
 .text.LightEvent_TryWait
                0x00000000001102f8       0x58 C:/devkitPro/libctru/lib\libctru.a(synchronization.o)
                0x00000000001102f8                LightEvent_TryWait
 .text.LightEvent_Wait
                0x0000000000110350       0xb0 C:/devkitPro/libctru/lib\libctru.a(synchronization.o)
                0x0000000000110350                LightEvent_Wait
 .text.envGetHandle
                0x0000000000110400       0x84 C:/devkitPro/libctru/lib\libctru.a(env.o)
                0x0000000000110400                envGetHandle
 .text.envDestroyHandles
                0x0000000000110484       0x50 C:/devkitPro/libctru/lib\libctru.a(env.o)
                0x0000000000110484                envDestroyHandles
 .text.srvInit  0x00000000001104d4      0x124 C:/devkitPro/libctru/lib\libctru.a(srv.o)
                0x00000000001104d4                srvInit
 .text.srvExit  0x00000000001105f8       0x58 C:/devkitPro/libctru/lib\libctru.a(srv.o)
                0x00000000001105f8                srvExit
 .text.srvGetServiceHandleDirect
                0x0000000000110650       0x80 C:/devkitPro/libctru/lib\libctru.a(srv.o)
                0x0000000000110650                srvGetServiceHandleDirect
 .text.srvGetServiceHandle
                0x00000000001106d0       0x48 C:/devkitPro/libctru/lib\libctru.a(srv.o)
                0x00000000001106d0                srvGetServiceHandle
 .text.srvPublishToSubscriber
                0x0000000000110718       0x38 C:/devkitPro/libctru/lib\libctru.a(srv.o)
                0x0000000000110718                srvPublishToSubscriber
 .text.threadCreate
                0x0000000000110750      0x188 C:/devkitPro/libctru/lib\libctru.a(thread.o)
                0x0000000000110750                threadCreate
 .text.threadFree
                0x00000000001108d8       0x2c C:/devkitPro/libctru/lib\libctru.a(thread.o)
                0x00000000001108d8                threadFree
 .text.threadJoin
                0x0000000000110904       0x24 C:/devkitPro/libctru/lib\libctru.a(thread.o)
                0x0000000000110904                threadJoin
 .text.threadGetCurrent
                0x0000000000110928       0x30 C:/devkitPro/libctru/lib\libctru.a(thread.o)
                0x0000000000110928                threadGetCurrent
 .text.threadExit
                0x0000000000110958       0x40 C:/devkitPro/libctru/lib\libctru.a(thread.o)
                0x0000000000110958                threadExit
 .text._thread_begin
                0x0000000000110998       0x44 C:/devkitPro/libctru/lib\libctru.a(thread.o)
 .text.mappableFindAddressWithin
                0x00000000001109dc       0x94 C:/devkitPro/libctru/lib\libctru.a(mappable.o)
 .text.mappableInit
                0x0000000000110a70       0x28 C:/devkitPro/libctru/lib\libctru.a(mappable.o)
                0x0000000000110a70                mappableInit
 .text.mappableAlloc
                0x0000000000110a98       0x80 C:/devkitPro/libctru/lib\libctru.a(mappable.o)
                0x0000000000110a98                mappableAlloc
 .text.mappableFree
                0x0000000000110b18        0x4 C:/devkitPro/libctru/lib\libctru.a(mappable.o)
                0x0000000000110b18                mappableFree
 .text.irrstInit
                0x0000000000110b1c      0x160 C:/devkitPro/libctru/lib\libctru.a(irrst.o)
                0x0000000000110b1c                irrstInit
 .text.irrstExit
                0x0000000000110c7c       0xcc C:/devkitPro/libctru/lib\libctru.a(irrst.o)
                0x0000000000110c7c                irrstExit
 .text.irrstScanInput
                0x0000000000110d48       0xb0 C:/devkitPro/libctru/lib\libctru.a(irrst.o)
                0x0000000000110d48                irrstScanInput
 .text.irrstKeysHeld
                0x0000000000110df8       0x24 C:/devkitPro/libctru/lib\libctru.a(irrst.o)
                0x0000000000110df8                irrstKeysHeld
 .text.srvPmGetSessionHandle
                0x0000000000110e1c        0xc C:/devkitPro/libctru/lib\libctru.a(srvpm.o)
                0x0000000000110e1c                srvPmGetSessionHandle
 .text.rbtree_node_next
                0x0000000000110e28       0x50 C:/devkitPro/libctru/lib\libctru.a(rbtree_iterator.o)
                0x0000000000110e28                rbtree_node_next
 .text.encode_utf16
                0x0000000000110e78       0x60 C:/devkitPro/libctru/lib\libctru.a(encode_utf16.o)
                0x0000000000110e78                encode_utf16
 .text.encode_utf8
                0x0000000000110ed8       0xfc C:/devkitPro/libctru/lib\libctru.a(encode_utf8.o)
                0x0000000000110ed8                encode_utf8
 .text.decode_utf8
                0x0000000000110fd4      0x13c C:/devkitPro/libctru/lib\libctru.a(decode_utf8.o)
                0x0000000000110fd4                decode_utf8
 .text.__appInit
                0x0000000000111110       0x30 C:/devkitPro/libctru/lib\libctru.a(appInit.o)
                0x0000000000111110                __appInit
 .text.__libctru_nanosleep
                0x0000000000111140       0x30 C:/devkitPro/libctru/lib\libctru.a(syscalls.o)
 .text.__libctru_get_reent
                0x0000000000111170       0x30 C:/devkitPro/libctru/lib\libctru.a(syscalls.o)
 .text.__system_initSyscalls
                0x00000000001111a0       0xf8 C:/devkitPro/libctru/lib\libctru.a(syscalls.o)
                0x00000000001111a0                __system_initSyscalls
 .text.__appExit
                0x0000000000111298       0x30 C:/devkitPro/libctru/lib\libctru.a(appExit.o)
                0x0000000000111298                __appExit
 .text.__libctru_exit
                0x00000000001112c8       0x90 C:/devkitPro/libctru/lib\libctru.a(ctru_exit.o)
                0x00000000001112c8                __libctru_exit
 .text.archive_link
                0x0000000000111358       0x14 C:/devkitPro/libctru/lib\libctru.a(archive_dev.o)
 .text.archive_dirreset
                0x000000000011136c       0x14 C:/devkitPro/libctru/lib\libctru.a(archive_dev.o)
 .text.archive_chmod
                0x0000000000111380       0x14 C:/devkitPro/libctru/lib\libctru.a(archive_dev.o)
 .text.error_cmp
                0x0000000000111394       0x24 C:/devkitPro/libctru/lib\libctru.a(archive_dev.o)
 .text.archive_translate_error
                0x00000000001113b8       0x50 C:/devkitPro/libctru/lib\libctru.a(archive_dev.o)
 .text.archive_seek
                0x0000000000111408       0xd4 C:/devkitPro/libctru/lib\libctru.a(archive_dev.o)
 .text._archiveInit.part.0
                0x00000000001114dc       0x7c C:/devkitPro/libctru/lib\libctru.a(archive_dev.o)
 .text.archiveFindDevice.part.0
                0x0000000000111558       0x8c C:/devkitPro/libctru/lib\libctru.a(archive_dev.o)
 .text.archive_utf16path
                0x00000000001115e4      0x294 C:/devkitPro/libctru/lib\libctru.a(archive_dev.o)
 .text._archiveUnmountDeviceStruct.part.0
                0x0000000000111878       0xa0 C:/devkitPro/libctru/lib\libctru.a(archive_dev.o)
 .text.archive_fchmod
                0x0000000000111918       0x14 C:/devkitPro/libctru/lib\libctru.a(archive_dev.o)
 .text.archive_statvfs
                0x000000000011192c       0x14 C:/devkitPro/libctru/lib\libctru.a(archive_dev.o)
 .text._archiveMountDevice
                0x0000000000111940      0x158 C:/devkitPro/libctru/lib\libctru.a(archive_dev.o)
 .text.archive_diropen
                0x0000000000111a98       0xe8 C:/devkitPro/libctru/lib\libctru.a(archive_dev.o)
 .text.archive_fstat
                0x0000000000111b80       0xa4 C:/devkitPro/libctru/lib\libctru.a(archive_dev.o)
 .text.archive_close
                0x0000000000111c24       0x6c C:/devkitPro/libctru/lib\libctru.a(archive_dev.o)
 .text.archive_fsync
                0x0000000000111c90       0x6c C:/devkitPro/libctru/lib\libctru.a(archive_dev.o)
 .text.archive_dirclose
                0x0000000000111cfc       0x70 C:/devkitPro/libctru/lib\libctru.a(archive_dev.o)
 .text.sdmc_statvfs
                0x0000000000111d6c       0xe8 C:/devkitPro/libctru/lib\libctru.a(archive_dev.o)
 .text.archive_ftruncate
                0x0000000000111e54       0x80 C:/devkitPro/libctru/lib\libctru.a(archive_dev.o)
 .text.archive_chdir
                0x0000000000111ed4       0xfc C:/devkitPro/libctru/lib\libctru.a(archive_dev.o)
 .text.archive_read
                0x0000000000111fd0       0xb0 C:/devkitPro/libctru/lib\libctru.a(archive_dev.o)
 .text.archive_unlink
                0x0000000000112080       0xac C:/devkitPro/libctru/lib\libctru.a(archive_dev.o)
 .text.archive_rmdir
                0x000000000011212c       0xc8 C:/devkitPro/libctru/lib\libctru.a(archive_dev.o)
 .text.archive_mkdir
                0x00000000001121f4       0xec C:/devkitPro/libctru/lib\libctru.a(archive_dev.o)
 .text.archive_stat
                0x00000000001122e0      0x1a8 C:/devkitPro/libctru/lib\libctru.a(archive_dev.o)
 .text.archive_rename
                0x0000000000112488      0x184 C:/devkitPro/libctru/lib\libctru.a(archive_dev.o)
 .text.archive_dirnext
                0x000000000011260c      0x168 C:/devkitPro/libctru/lib\libctru.a(archive_dev.o)
 .text.archive_write
                0x0000000000112774      0x12c C:/devkitPro/libctru/lib\libctru.a(archive_dev.o)
 .text.archive_open
                0x00000000001128a0      0x1f0 C:/devkitPro/libctru/lib\libctru.a(archive_dev.o)
 .text.archiveMountSdmc
                0x0000000000112a90      0x1a4 C:/devkitPro/libctru/lib\libctru.a(archive_dev.o)
                0x0000000000112a90                archiveMountSdmc
 .text.archiveUnmountAll
                0x0000000000112c34       0x54 C:/devkitPro/libctru/lib\libctru.a(archive_dev.o)
                0x0000000000112c34                archiveUnmountAll
 .text.cosf     0x0000000000112c88      0x22c c:/devkitpro/devkitarm/bin/../lib/gcc/arm-none-eabi/10.2.0/../../../../arm-none-eabi/lib/armv6k/fpu\libm.a(lib_a-cosf.o)
                0x0000000000112c88                cosf
 .text.with_errnof
                0x0000000000112eb4       0x24 c:/devkitpro/devkitarm/bin/../lib/gcc/arm-none-eabi/10.2.0/../../../../arm-none-eabi/lib/armv6k/fpu\libm.a(lib_a-math_errf.o)
 .text.__math_invalidf
                0x0000000000112ed8       0x1c c:/devkitpro/devkitarm/bin/../lib/gcc/arm-none-eabi/10.2.0/../../../../arm-none-eabi/lib/armv6k/fpu\libm.a(lib_a-math_errf.o)
                0x0000000000112ed8                __math_invalidf
 *fill*         0x0000000000112ef4        0x4 
 .text.sinf     0x0000000000112ef8      0x274 c:/devkitpro/devkitarm/bin/../lib/gcc/arm-none-eabi/10.2.0/../../../../arm-none-eabi/lib/armv6k/fpu\libm.a(lib_a-sinf.o)
                0x0000000000112ef8                sinf
 .text.__udivmoddi4
                0x000000000011316c      0x120 c:/devkitpro/devkitarm/bin/../lib/gcc/arm-none-eabi/10.2.0/armv6k/fpu\libgcc.a(_udivmoddi4.o)
                0x000000000011316c                __udivmoddi4
 .text.bsearch  0x000000000011328c       0x78 c:/devkitpro/devkitarm/bin/../lib/gcc/arm-none-eabi/10.2.0/../../../../arm-none-eabi/lib/armv6k/fpu\libg.a(lib_a-bsearch.o)
                0x000000000011328c                bsearch
 .text.calloc   0x0000000000113304       0x28 c:/devkitpro/devkitarm/bin/../lib/gcc/arm-none-eabi/10.2.0/../../../../arm-none-eabi/lib/armv6k/fpu\libg.a(lib_a-calloc.o)
                0x0000000000113304                calloc
 .text._calloc_r
                0x000000000011332c       0x94 c:/devkitpro/devkitarm/bin/../lib/gcc/arm-none-eabi/10.2.0/../../../../arm-none-eabi/lib/armv6k/fpu\libg.a(lib_a-callocr.o)
                0x000000000011332c                _calloc_r
 .text.__errno  0x00000000001133c0        0xc c:/devkitpro/devkitarm/bin/../lib/gcc/arm-none-eabi/10.2.0/../../../../arm-none-eabi/lib/armv6k/fpu\libg.a(lib_a-errno.o)
                0x00000000001133c0                __errno
 .text.exit     0x00000000001133cc       0x34 c:/devkitpro/devkitarm/bin/../lib/gcc/arm-none-eabi/10.2.0/../../../../arm-none-eabi/lib/armv6k/fpu\libg.a(lib_a-exit.o)
                0x00000000001133cc                exit
 .text._fclose_r
                0x0000000000113400      0x160 c:/devkitpro/devkitarm/bin/../lib/gcc/arm-none-eabi/10.2.0/../../../../arm-none-eabi/lib/armv6k/fpu\libg.a(lib_a-fclose.o)
                0x0000000000113400                _fclose_r
 .text.fclose   0x0000000000113560       0x20 c:/devkitpro/devkitarm/bin/../lib/gcc/arm-none-eabi/10.2.0/../../../../arm-none-eabi/lib/armv6k/fpu\libg.a(lib_a-fclose.o)
                0x0000000000113560                fclose
 .text.__sflush_r
                0x0000000000113580      0x258 c:/devkitpro/devkitarm/bin/../lib/gcc/arm-none-eabi/10.2.0/../../../../arm-none-eabi/lib/armv6k/fpu\libg.a(lib_a-fflush.o)
                0x0000000000113580                __sflush_r
 .text._fflush_r
                0x00000000001137d8       0x94 c:/devkitpro/devkitarm/bin/../lib/gcc/arm-none-eabi/10.2.0/../../../../arm-none-eabi/lib/armv6k/fpu\libg.a(lib_a-fflush.o)
                0x00000000001137d8                _fflush_r
 .text.fflush   0x000000000011386c       0x38 c:/devkitpro/devkitarm/bin/../lib/gcc/arm-none-eabi/10.2.0/../../../../arm-none-eabi/lib/armv6k/fpu\libg.a(lib_a-fflush.o)
                0x000000000011386c                fflush
 .text._cleanup_r
                0x00000000001138a4        0xc c:/devkitpro/devkitarm/bin/../lib/gcc/arm-none-eabi/10.2.0/../../../../arm-none-eabi/lib/armv6k/fpu\libg.a(lib_a-findfp.o)
                0x00000000001138a4                _cleanup_r
 .text.__sinit  0x00000000001138b0      0x184 c:/devkitpro/devkitarm/bin/../lib/gcc/arm-none-eabi/10.2.0/../../../../arm-none-eabi/lib/armv6k/fpu\libg.a(lib_a-findfp.o)
                0x00000000001138b0                __sinit
 .text.__sfp    0x0000000000113a34      0x134 c:/devkitpro/devkitarm/bin/../lib/gcc/arm-none-eabi/10.2.0/../../../../arm-none-eabi/lib/armv6k/fpu\libg.a(lib_a-findfp.o)
                0x0000000000113a34                __sfp
 .text.__sfp_lock_acquire
                0x0000000000113b68        0xc c:/devkitpro/devkitarm/bin/../lib/gcc/arm-none-eabi/10.2.0/../../../../arm-none-eabi/lib/armv6k/fpu\libg.a(lib_a-findfp.o)
                0x0000000000113b68                __sfp_lock_acquire
 .text.__sfp_lock_release
                0x0000000000113b74        0xc c:/devkitpro/devkitarm/bin/../lib/gcc/arm-none-eabi/10.2.0/../../../../arm-none-eabi/lib/armv6k/fpu\libg.a(lib_a-findfp.o)
                0x0000000000113b74                __sfp_lock_release
 .text.__libc_fini_array
                0x0000000000113b80       0x3c c:/devkitpro/devkitarm/bin/../lib/gcc/arm-none-eabi/10.2.0/../../../../arm-none-eabi/lib/armv6k/fpu\libg.a(lib_a-fini.o)
                0x0000000000113b80                __libc_fini_array
 .text._fopen_r
                0x0000000000113bbc      0x140 c:/devkitpro/devkitarm/bin/../lib/gcc/arm-none-eabi/10.2.0/../../../../arm-none-eabi/lib/armv6k/fpu\libg.a(lib_a-fopen.o)
                0x0000000000113bbc                _fopen_r
 .text.fopen    0x0000000000113cfc       0x28 c:/devkitpro/devkitarm/bin/../lib/gcc/arm-none-eabi/10.2.0/../../../../arm-none-eabi/lib/armv6k/fpu\libg.a(lib_a-fopen.o)
                0x0000000000113cfc                fopen
 .text._fread_r
                0x0000000000113d24      0x2d0 c:/devkitpro/devkitarm/bin/../lib/gcc/arm-none-eabi/10.2.0/../../../../arm-none-eabi/lib/armv6k/fpu\libg.a(lib_a-fread.o)
                0x0000000000113d24                _fread_r
 .text.fread    0x0000000000113ff4       0x38 c:/devkitpro/devkitarm/bin/../lib/gcc/arm-none-eabi/10.2.0/../../../../arm-none-eabi/lib/armv6k/fpu\libg.a(lib_a-fread.o)
                0x0000000000113ff4                fread
 .text._malloc_trim_r
                0x000000000011402c       0xf8 c:/devkitpro/devkitarm/bin/../lib/gcc/arm-none-eabi/10.2.0/../../../../arm-none-eabi/lib/armv6k/fpu\libg.a(lib_a-freer.o)
                0x000000000011402c                _malloc_trim_r
 .text._free_r  0x0000000000114124      0x2e4 c:/devkitpro/devkitarm/bin/../lib/gcc/arm-none-eabi/10.2.0/../../../../arm-none-eabi/lib/armv6k/fpu\libg.a(lib_a-freer.o)
                0x0000000000114124                _free_r
 .text._fseek_r
                0x0000000000114408       0x1c c:/devkitpro/devkitarm/bin/../lib/gcc/arm-none-eabi/10.2.0/../../../../arm-none-eabi/lib/armv6k/fpu\libg.a(lib_a-fseek.o)
                0x0000000000114408                _fseek_r
 .text._fseeko_r
                0x0000000000114424      0x4f8 c:/devkitpro/devkitarm/bin/../lib/gcc/arm-none-eabi/10.2.0/../../../../arm-none-eabi/lib/armv6k/fpu\libg.a(lib_a-fseeko.o)
                0x0000000000114424                _fseeko_r
 .text._ftello_r
                0x000000000011491c      0x1bc c:/devkitpro/devkitarm/bin/../lib/gcc/arm-none-eabi/10.2.0/../../../../arm-none-eabi/lib/armv6k/fpu\libg.a(lib_a-ftello.o)
                0x000000000011491c                _ftello_r
 .text._fwalk   0x0000000000114ad8       0x68 c:/devkitpro/devkitarm/bin/../lib/gcc/arm-none-eabi/10.2.0/../../../../arm-none-eabi/lib/armv6k/fpu\libg.a(lib_a-fwalk.o)
                0x0000000000114ad8                _fwalk
 .text._fwalk_reent
                0x0000000000114b40       0x70 c:/devkitpro/devkitarm/bin/../lib/gcc/arm-none-eabi/10.2.0/../../../../arm-none-eabi/lib/armv6k/fpu\libg.a(lib_a-fwalk.o)
                0x0000000000114b40                _fwalk_reent
 .text.__libc_init_array
                0x0000000000114bb0       0x7c c:/devkitpro/devkitarm/bin/../lib/gcc/arm-none-eabi/10.2.0/../../../../arm-none-eabi/lib/armv6k/fpu\libg.a(lib_a-init.o)
                0x0000000000114bb0                __libc_init_array
 .text.__smakebuf_r
                0x0000000000114c2c      0x138 c:/devkitpro/devkitarm/bin/../lib/gcc/arm-none-eabi/10.2.0/../../../../arm-none-eabi/lib/armv6k/fpu\libg.a(lib_a-makebuf.o)
                0x0000000000114c2c                __smakebuf_r
 .text.__swhatbuf_r
                0x0000000000114d64       0x94 c:/devkitpro/devkitarm/bin/../lib/gcc/arm-none-eabi/10.2.0/../../../../arm-none-eabi/lib/armv6k/fpu\libg.a(lib_a-makebuf.o)
                0x0000000000114d64                __swhatbuf_r
 .text.memalign
                0x0000000000114df8       0x28 c:/devkitpro/devkitarm/bin/../lib/gcc/arm-none-eabi/10.2.0/../../../../arm-none-eabi/lib/armv6k/fpu\libg.a(lib_a-malign.o)
                0x0000000000114df8                memalign
 .text._memalign_r
                0x0000000000114e20      0x148 c:/devkitpro/devkitarm/bin/../lib/gcc/arm-none-eabi/10.2.0/../../../../arm-none-eabi/lib/armv6k/fpu\libg.a(lib_a-malignr.o)
                0x0000000000114e20                _memalign_r
 .text.malloc   0x0000000000114f68       0x20 c:/devkitpro/devkitarm/bin/../lib/gcc/arm-none-eabi/10.2.0/../../../../arm-none-eabi/lib/armv6k/fpu\libg.a(lib_a-malloc.o)
                0x0000000000114f68                malloc
 .text.free     0x0000000000114f88       0x20 c:/devkitpro/devkitarm/bin/../lib/gcc/arm-none-eabi/10.2.0/../../../../arm-none-eabi/lib/armv6k/fpu\libg.a(lib_a-malloc.o)
                0x0000000000114f88                free
 .text._malloc_r
                0x0000000000114fa8      0x7f0 c:/devkitpro/devkitarm/bin/../lib/gcc/arm-none-eabi/10.2.0/../../../../arm-none-eabi/lib/armv6k/fpu\libg.a(lib_a-mallocr.o)
                0x0000000000114fa8                _malloc_r
 .text.memchr   0x0000000000115798       0xe0 c:/devkitpro/devkitarm/bin/../lib/gcc/arm-none-eabi/10.2.0/../../../../arm-none-eabi/lib/armv6k/fpu\libg.a(lib_a-memchr-stub.o)
                0x0000000000115798                memchr
 .text.memcmp   0x0000000000115878       0xa8 c:/devkitpro/devkitarm/bin/../lib/gcc/arm-none-eabi/10.2.0/../../../../arm-none-eabi/lib/armv6k/fpu\libg.a(lib_a-memcmp.o)
                0x0000000000115878                memcmp
 .text.memcpy   0x0000000000115920      0x11c c:/devkitpro/devkitarm/bin/../lib/gcc/arm-none-eabi/10.2.0/../../../../arm-none-eabi/lib/armv6k/fpu\libg.a(lib_a-memcpy-stub.o)
                0x0000000000115920                memcpy
 .text.memset   0x0000000000115a3c      0x118 c:/devkitpro/devkitarm/bin/../lib/gcc/arm-none-eabi/10.2.0/../../../../arm-none-eabi/lib/armv6k/fpu\libg.a(lib_a-memset.o)
                0x0000000000115a3c                memset
 .text.__malloc_lock
                0x0000000000115b54        0xc c:/devkitpro/devkitarm/bin/../lib/gcc/arm-none-eabi/10.2.0/../../../../arm-none-eabi/lib/armv6k/fpu\libg.a(lib_a-mlock.o)
                0x0000000000115b54                __malloc_lock
 .text.__malloc_unlock
                0x0000000000115b60        0xc c:/devkitpro/devkitarm/bin/../lib/gcc/arm-none-eabi/10.2.0/../../../../arm-none-eabi/lib/armv6k/fpu\libg.a(lib_a-mlock.o)
                0x0000000000115b60                __malloc_unlock
 .text.printf   0x0000000000115b6c       0x34 c:/devkitpro/devkitarm/bin/../lib/gcc/arm-none-eabi/10.2.0/../../../../arm-none-eabi/lib/armv6k/fpu\libg.a(lib_a-printf.o)
                0x0000000000115b6c                printf
 .text.srand    0x0000000000115ba0       0x1c c:/devkitpro/devkitarm/bin/../lib/gcc/arm-none-eabi/10.2.0/../../../../arm-none-eabi/lib/armv6k/fpu\libg.a(lib_a-rand.o)
                0x0000000000115ba0                srand
 .text.rand     0x0000000000115bbc       0x44 c:/devkitpro/devkitarm/bin/../lib/gcc/arm-none-eabi/10.2.0/../../../../arm-none-eabi/lib/armv6k/fpu\libg.a(lib_a-rand.o)
                0x0000000000115bbc                rand
 .text.lflush   0x0000000000115c00       0x1c c:/devkitpro/devkitarm/bin/../lib/gcc/arm-none-eabi/10.2.0/../../../../arm-none-eabi/lib/armv6k/fpu\libg.a(lib_a-refill.o)
 .text.__srefill_r
                0x0000000000115c1c      0x1ac c:/devkitpro/devkitarm/bin/../lib/gcc/arm-none-eabi/10.2.0/../../../../arm-none-eabi/lib/armv6k/fpu\libg.a(lib_a-refill.o)
                0x0000000000115c1c                __srefill_r
 .text.setvbuf  0x0000000000115dc8      0x260 c:/devkitpro/devkitarm/bin/../lib/gcc/arm-none-eabi/10.2.0/../../../../arm-none-eabi/lib/armv6k/fpu\libg.a(lib_a-setvbuf.o)
                0x0000000000115dc8                setvbuf
 .text.sscanf   0x0000000000116028       0x74 c:/devkitpro/devkitarm/bin/../lib/gcc/arm-none-eabi/10.2.0/../../../../arm-none-eabi/lib/armv6k/fpu\libg.a(lib_a-sscanf.o)
                0x0000000000116028                sscanf
 .text.__sread  0x000000000011609c       0x44 c:/devkitpro/devkitarm/bin/../lib/gcc/arm-none-eabi/10.2.0/../../../../arm-none-eabi/lib/armv6k/fpu\libg.a(lib_a-stdio.o)
                0x000000000011609c                __sread
 .text.__seofread
                0x00000000001160e0        0x8 c:/devkitpro/devkitarm/bin/../lib/gcc/arm-none-eabi/10.2.0/../../../../arm-none-eabi/lib/armv6k/fpu\libg.a(lib_a-stdio.o)
                0x00000000001160e0                __seofread
 .text.__swrite
                0x00000000001160e8       0x68 c:/devkitpro/devkitarm/bin/../lib/gcc/arm-none-eabi/10.2.0/../../../../arm-none-eabi/lib/armv6k/fpu\libg.a(lib_a-stdio.o)
                0x00000000001160e8                __swrite
 .text.__sseek  0x0000000000116150       0x48 c:/devkitpro/devkitarm/bin/../lib/gcc/arm-none-eabi/10.2.0/../../../../arm-none-eabi/lib/armv6k/fpu\libg.a(lib_a-stdio.o)
                0x0000000000116150                __sseek
 .text.__sclose
                0x0000000000116198        0x8 c:/devkitpro/devkitarm/bin/../lib/gcc/arm-none-eabi/10.2.0/../../../../arm-none-eabi/lib/armv6k/fpu\libg.a(lib_a-stdio.o)
                0x0000000000116198                __sclose
 .text.strchr   0x00000000001161a0      0x144 c:/devkitpro/devkitarm/bin/../lib/gcc/arm-none-eabi/10.2.0/../../../../arm-none-eabi/lib/armv6k/fpu\libg.a(lib_a-strchr.o)
                0x00000000001161a0                strchr
 .text.strlen   0x00000000001162e4       0x5c c:/devkitpro/devkitarm/bin/../lib/gcc/arm-none-eabi/10.2.0/../../../../arm-none-eabi/lib/armv6k/fpu\libg.a(lib_a-strlen-stub.o)
                0x00000000001162e4                strlen
 .text.strncat  0x0000000000116340       0xec c:/devkitpro/devkitarm/bin/../lib/gcc/arm-none-eabi/10.2.0/../../../../arm-none-eabi/lib/armv6k/fpu\libg.a(lib_a-strncat.o)
                0x0000000000116340                strncat
 .text.strncmp  0x000000000011642c       0xdc c:/devkitpro/devkitarm/bin/../lib/gcc/arm-none-eabi/10.2.0/../../../../arm-none-eabi/lib/armv6k/fpu\libg.a(lib_a-strncmp.o)
                0x000000000011642c                strncmp
 .text.strncpy  0x0000000000116508       0xc0 c:/devkitpro/devkitarm/bin/../lib/gcc/arm-none-eabi/10.2.0/../../../../arm-none-eabi/lib/armv6k/fpu\libg.a(lib_a-strncpy.o)
                0x0000000000116508                strncpy
 .text.strnlen  0x00000000001165c8       0x48 c:/devkitpro/devkitarm/bin/../lib/gcc/arm-none-eabi/10.2.0/../../../../arm-none-eabi/lib/armv6k/fpu\libg.a(lib_a-strnlen.o)
                0x00000000001165c8                strnlen
 .text.get_arg  0x0000000000116610       0x50 c:/devkitpro/devkitarm/bin/../lib/gcc/arm-none-eabi/10.2.0/../../../../arm-none-eabi/lib/armv6k/fpu\libg.a(lib_a-svfscanf.o)
 .text.__ssvfscanf_r
                0x0000000000116660     0x2b68 c:/devkitpro/devkitarm/bin/../lib/gcc/arm-none-eabi/10.2.0/../../../../arm-none-eabi/lib/armv6k/fpu\libg.a(lib_a-svfscanf.o)
                0x0000000000116660                __ssvfscanf_r
 .text.time     0x00000000001191c8       0x3c c:/devkitpro/devkitarm/bin/../lib/gcc/arm-none-eabi/10.2.0/../../../../arm-none-eabi/lib/armv6k/fpu\libg.a(lib_a-time.o)
                0x00000000001191c8                time
 .text.get_arg  0x0000000000119204      0x64c c:/devkitpro/devkitarm/bin/../lib/gcc/arm-none-eabi/10.2.0/../../../../arm-none-eabi/lib/armv6k/fpu\libg.a(lib_a-vfiprintf.o)
 .text.__sprint_r
                0x0000000000119850       0x34 c:/devkitpro/devkitarm/bin/../lib/gcc/arm-none-eabi/10.2.0/../../../../arm-none-eabi/lib/armv6k/fpu\libg.a(lib_a-vfiprintf.o)
                0x0000000000119850                __sprint_r
 .text._vfiprintf_r
                0x0000000000119884     0x2584 c:/devkitpro/devkitarm/bin/../lib/gcc/arm-none-eabi/10.2.0/../../../../arm-none-eabi/lib/armv6k/fpu\libg.a(lib_a-vfiprintf.o)
                0x0000000000119884                _vfiprintf_r
 .text.__sbprintf
                0x000000000011be08       0xd4 c:/devkitpro/devkitarm/bin/../lib/gcc/arm-none-eabi/10.2.0/../../../../arm-none-eabi/lib/armv6k/fpu\libg.a(lib_a-vfiprintf.o)
 .text.get_arg  0x000000000011bedc      0x64c c:/devkitpro/devkitarm/bin/../lib/gcc/arm-none-eabi/10.2.0/../../../../arm-none-eabi/lib/armv6k/fpu\libg.a(lib_a-vfprintf.o)
 .text._vfprintf_r
                0x000000000011c528     0x38d4 c:/devkitpro/devkitarm/bin/../lib/gcc/arm-none-eabi/10.2.0/../../../../arm-none-eabi/lib/armv6k/fpu\libg.a(lib_a-vfprintf.o)
                0x000000000011c528                _vfprintf_r
 .text.__sbprintf
                0x000000000011fdfc       0xd4 c:/devkitpro/devkitarm/bin/../lib/gcc/arm-none-eabi/10.2.0/../../../../arm-none-eabi/lib/armv6k/fpu\libg.a(lib_a-vfprintf.o)
 .text._wcrtomb_r
                0x000000000011fed0       0x54 c:/devkitpro/devkitarm/bin/../lib/gcc/arm-none-eabi/10.2.0/../../../../arm-none-eabi/lib/armv6k/fpu\libg.a(lib_a-wcrtomb.o)
                0x000000000011fed0                _wcrtomb_r
 .text._wcsrtombs_r
                0x000000000011ff24       0x28 c:/devkitpro/devkitarm/bin/../lib/gcc/arm-none-eabi/10.2.0/../../../../arm-none-eabi/lib/armv6k/fpu\libg.a(lib_a-wcsrtombs.o)
                0x000000000011ff24                _wcsrtombs_r
 .text.__swsetup_r
                0x000000000011ff4c      0x154 c:/devkitpro/devkitarm/bin/../lib/gcc/arm-none-eabi/10.2.0/../../../../arm-none-eabi/lib/armv6k/fpu\libg.a(lib_a-wsetup.o)
                0x000000000011ff4c                __swsetup_r
 .text.__call_exitprocs
                0x00000000001200a0      0x114 c:/devkitpro/devkitarm/bin/../lib/gcc/arm-none-eabi/10.2.0/../../../../arm-none-eabi/lib/armv6k/fpu\libg.a(lib_a-__call_atexit.o)
                0x00000000001200a0                __call_exitprocs
 .text.quorem   0x00000000001201b4      0x1a8 c:/devkitpro/devkitarm/bin/../lib/gcc/arm-none-eabi/10.2.0/../../../../arm-none-eabi/lib/armv6k/fpu\libg.a(lib_a-dtoa.o)
 *fill*         0x000000000012035c        0x4 
 .text._dtoa_r  0x0000000000120360     0x12ec c:/devkitpro/devkitarm/bin/../lib/gcc/arm-none-eabi/10.2.0/../../../../arm-none-eabi/lib/armv6k/fpu\libg.a(lib_a-dtoa.o)
                0x0000000000120360                _dtoa_r
 .text.__sflags
                0x000000000012164c       0xc8 c:/devkitpro/devkitarm/bin/../lib/gcc/arm-none-eabi/10.2.0/../../../../arm-none-eabi/lib/armv6k/fpu\libg.a(lib_a-flags.o)
                0x000000000012164c                __sflags
 .text.__sfvwrite_r
                0x0000000000121714      0x4a4 c:/devkitpro/devkitarm/bin/../lib/gcc/arm-none-eabi/10.2.0/../../../../arm-none-eabi/lib/armv6k/fpu\libg.a(lib_a-fvwrite.o)
                0x0000000000121714                __sfvwrite_r
 .text.iswspace
                0x0000000000121bb8        0x8 c:/devkitpro/devkitarm/bin/../lib/gcc/arm-none-eabi/10.2.0/../../../../arm-none-eabi/lib/armv6k/fpu\libg.a(lib_a-iswspace.o)
                0x0000000000121bb8                iswspace
 .text._localeconv_r
                0x0000000000121bc0        0xc c:/devkitpro/devkitarm/bin/../lib/gcc/arm-none-eabi/10.2.0/../../../../arm-none-eabi/lib/armv6k/fpu\libg.a(lib_a-localeconv.o)
                0x0000000000121bc0                _localeconv_r
 .text.__locale_mb_cur_max
                0x0000000000121bcc       0x10 c:/devkitpro/devkitarm/bin/../lib/gcc/arm-none-eabi/10.2.0/../../../../arm-none-eabi/lib/armv6k/fpu\libg.a(lib_a-locale.o)
                0x0000000000121bcc                __locale_mb_cur_max
 .text._mbrtowc_r
                0x0000000000121bdc       0x68 c:/devkitpro/devkitarm/bin/../lib/gcc/arm-none-eabi/10.2.0/../../../../arm-none-eabi/lib/armv6k/fpu\libg.a(lib_a-mbrtowc.o)
                0x0000000000121bdc                _mbrtowc_r
 .text.__utf8_mbtowc
                0x0000000000121c44      0x2fc c:/devkitpro/devkitarm/bin/../lib/gcc/arm-none-eabi/10.2.0/../../../../arm-none-eabi/lib/armv6k/fpu\libg.a(lib_a-mbtowc_r.o)
                0x0000000000121c44                __utf8_mbtowc
 .text.memmove  0x0000000000121f40      0x154 c:/devkitpro/devkitarm/bin/../lib/gcc/arm-none-eabi/10.2.0/../../../../arm-none-eabi/lib/armv6k/fpu\libg.a(lib_a-memmove.o)
                0x0000000000121f40                memmove
 .text._Balloc  0x0000000000122094       0x88 c:/devkitpro/devkitarm/bin/../lib/gcc/arm-none-eabi/10.2.0/../../../../arm-none-eabi/lib/armv6k/fpu\libg.a(lib_a-mprec.o)
                0x0000000000122094                _Balloc
 .text._Bfree   0x000000000012211c       0x1c c:/devkitpro/devkitarm/bin/../lib/gcc/arm-none-eabi/10.2.0/../../../../arm-none-eabi/lib/armv6k/fpu\libg.a(lib_a-mprec.o)
                0x000000000012211c                _Bfree
 .text.__multadd
                0x0000000000122138       0xf4 c:/devkitpro/devkitarm/bin/../lib/gcc/arm-none-eabi/10.2.0/../../../../arm-none-eabi/lib/armv6k/fpu\libg.a(lib_a-mprec.o)
                0x0000000000122138                __multadd
 .text.__s2b    0x000000000012222c      0x110 c:/devkitpro/devkitarm/bin/../lib/gcc/arm-none-eabi/10.2.0/../../../../arm-none-eabi/lib/armv6k/fpu\libg.a(lib_a-mprec.o)
                0x000000000012222c                __s2b
 .text.__hi0bits
                0x000000000012233c       0x58 c:/devkitpro/devkitarm/bin/../lib/gcc/arm-none-eabi/10.2.0/../../../../arm-none-eabi/lib/armv6k/fpu\libg.a(lib_a-mprec.o)
                0x000000000012233c                __hi0bits
 .text.__lo0bits
                0x0000000000122394       0x9c c:/devkitpro/devkitarm/bin/../lib/gcc/arm-none-eabi/10.2.0/../../../../arm-none-eabi/lib/armv6k/fpu\libg.a(lib_a-mprec.o)
                0x0000000000122394                __lo0bits
 .text.__i2b    0x0000000000122430       0xa4 c:/devkitpro/devkitarm/bin/../lib/gcc/arm-none-eabi/10.2.0/../../../../arm-none-eabi/lib/armv6k/fpu\libg.a(lib_a-mprec.o)
                0x0000000000122430                __i2b
 .text.__multiply
                0x00000000001224d4      0x204 c:/devkitpro/devkitarm/bin/../lib/gcc/arm-none-eabi/10.2.0/../../../../arm-none-eabi/lib/armv6k/fpu\libg.a(lib_a-mprec.o)
                0x00000000001224d4                __multiply
 .text.__pow5mult
                0x00000000001226d8      0x120 c:/devkitpro/devkitarm/bin/../lib/gcc/arm-none-eabi/10.2.0/../../../../arm-none-eabi/lib/armv6k/fpu\libg.a(lib_a-mprec.o)
                0x00000000001226d8                __pow5mult
 .text.__lshift
                0x00000000001227f8      0x13c c:/devkitpro/devkitarm/bin/../lib/gcc/arm-none-eabi/10.2.0/../../../../arm-none-eabi/lib/armv6k/fpu\libg.a(lib_a-mprec.o)
                0x00000000001227f8                __lshift
 .text.__mcmp   0x0000000000122934       0x58 c:/devkitpro/devkitarm/bin/../lib/gcc/arm-none-eabi/10.2.0/../../../../arm-none-eabi/lib/armv6k/fpu\libg.a(lib_a-mprec.o)
                0x0000000000122934                __mcmp
 .text.__mdiff  0x000000000012298c      0x1cc c:/devkitpro/devkitarm/bin/../lib/gcc/arm-none-eabi/10.2.0/../../../../arm-none-eabi/lib/armv6k/fpu\libg.a(lib_a-mprec.o)
                0x000000000012298c                __mdiff
 .text.__ulp    0x0000000000122b58       0x88 c:/devkitpro/devkitarm/bin/../lib/gcc/arm-none-eabi/10.2.0/../../../../arm-none-eabi/lib/armv6k/fpu\libg.a(lib_a-mprec.o)
                0x0000000000122b58                __ulp
 .text.__b2d    0x0000000000122be0       0xd4 c:/devkitpro/devkitarm/bin/../lib/gcc/arm-none-eabi/10.2.0/../../../../arm-none-eabi/lib/armv6k/fpu\libg.a(lib_a-mprec.o)
                0x0000000000122be0                __b2d
 .text.__d2b    0x0000000000122cb4      0x12c c:/devkitpro/devkitarm/bin/../lib/gcc/arm-none-eabi/10.2.0/../../../../arm-none-eabi/lib/armv6k/fpu\libg.a(lib_a-mprec.o)
                0x0000000000122cb4                __d2b
 .text.__ratio  0x0000000000122de0       0x78 c:/devkitpro/devkitarm/bin/../lib/gcc/arm-none-eabi/10.2.0/../../../../arm-none-eabi/lib/armv6k/fpu\libg.a(lib_a-mprec.o)
                0x0000000000122de0                __ratio
 .text.__copybits
                0x0000000000122e58       0x88 c:/devkitpro/devkitarm/bin/../lib/gcc/arm-none-eabi/10.2.0/../../../../arm-none-eabi/lib/armv6k/fpu\libg.a(lib_a-mprec.o)
                0x0000000000122e58                __copybits
 .text.__any_on
                0x0000000000122ee0       0x5c c:/devkitpro/devkitarm/bin/../lib/gcc/arm-none-eabi/10.2.0/../../../../arm-none-eabi/lib/armv6k/fpu\libg.a(lib_a-mprec.o)
                0x0000000000122ee0                __any_on
 .text.realloc  0x0000000000122f3c       0x28 c:/devkitpro/devkitarm/bin/../lib/gcc/arm-none-eabi/10.2.0/../../../../arm-none-eabi/lib/armv6k/fpu\libg.a(lib_a-realloc.o)
                0x0000000000122f3c                realloc
 .text._realloc_r
                0x0000000000122f64      0x598 c:/devkitpro/devkitarm/bin/../lib/gcc/arm-none-eabi/10.2.0/../../../../arm-none-eabi/lib/armv6k/fpu\libg.a(lib_a-reallocr.o)
                0x0000000000122f64                _realloc_r
 .text.__sccl   0x00000000001234fc       0xe4 c:/devkitpro/devkitarm/bin/../lib/gcc/arm-none-eabi/10.2.0/../../../../arm-none-eabi/lib/armv6k/fpu\libg.a(lib_a-sccl.o)
                0x00000000001234fc                __sccl
 .text.nanf     0x00000000001235e0        0xc c:/devkitpro/devkitarm/bin/../lib/gcc/arm-none-eabi/10.2.0/../../../../arm-none-eabi/lib/armv6k/fpu\libg.a(lib_a-sf_nan.o)
                0x00000000001235e0                nanf
 *fill*         0x00000000001235ec        0x4 